Archive member included to satisfy reference by file (symbol)

C:/ST/STM32CubeCLT_1.22.0/GNU-tools-for-STM32/bin/../lib/gcc/arm-none-eabi/14.3.1/../../../../arm-none-eabi/lib/thumb/v7e-m+dp/hard\libc_nano.a(libc_a-memset.o)
                              CMakeFiles/WeAct_H743_W25Q64.stldr.dir/C_/Users/vuman/Downloads/car-head/car-head/Core/Src/quadspi.c.obj (memset)

Discarded input sections

 .text          0x00000000        0x0 CMakeFiles/WeAct_H743_W25Q64.stldr.dir/Dev_Inf.c.obj
 .data          0x00000000        0x0 CMakeFiles/WeAct_H743_W25Q64.stldr.dir/Dev_Inf.c.obj
 .bss           0x00000000        0x0 CMakeFiles/WeAct_H743_W25Q64.stldr.dir/Dev_Inf.c.obj
 .text          0x00000000        0x0 CMakeFiles/WeAct_H743_W25Q64.stldr.dir/Loader_Src.c.obj
 .data          0x00000000        0x0 CMakeFiles/WeAct_H743_W25Q64.stldr.dir/Loader_Src.c.obj
 .bss           0x00000000        0x0 CMakeFiles/WeAct_H743_W25Q64.stldr.dir/Loader_Src.c.obj
 .text          0x00000000        0x0 CMakeFiles/WeAct_H743_W25Q64.stldr.dir/C_/Users/vuman/Downloads/car-head/car-head/Core/Src/system_stm32h7xx.c.obj
 .data          0x00000000        0x0 CMakeFiles/WeAct_H743_W25Q64.stldr.dir/C_/Users/vuman/Downloads/car-head/car-head/Core/Src/system_stm32h7xx.c.obj
 .bss           0x00000000        0x0 CMakeFiles/WeAct_H743_W25Q64.stldr.dir/C_/Users/vuman/Downloads/car-head/car-head/Core/Src/system_stm32h7xx.c.obj
 .text.SystemInit
                0x00000000       0xe0 CMakeFiles/WeAct_H743_W25Q64.stldr.dir/C_/Users/vuman/Downloads/car-head/car-head/Core/Src/system_stm32h7xx.c.obj
 .text.SystemCoreClockUpdate
                0x00000000      0x144 CMakeFiles/WeAct_H743_W25Q64.stldr.dir/C_/Users/vuman/Downloads/car-head/car-head/Core/Src/system_stm32h7xx.c.obj
 .text.ExitRun0Mode
                0x00000000        0x2 CMakeFiles/WeAct_H743_W25Q64.stldr.dir/C_/Users/vuman/Downloads/car-head/car-head/Core/Src/system_stm32h7xx.c.obj
 .text          0x00000000        0x0 CMakeFiles/WeAct_H743_W25Q64.stldr.dir/C_/Users/vuman/Downloads/car-head/car-head/Core/Src/quadspi.c.obj
 .data          0x00000000        0x0 CMakeFiles/WeAct_H743_W25Q64.stldr.dir/C_/Users/vuman/Downloads/car-head/car-head/Core/Src/quadspi.c.obj
 .bss           0x00000000        0x0 CMakeFiles/WeAct_H743_W25Q64.stldr.dir/C_/Users/vuman/Downloads/car-head/car-head/Core/Src/quadspi.c.obj
 .text.HAL_QSPI_MspDeInit
                0x00000000       0x40 CMakeFiles/WeAct_H743_W25Q64.stldr.dir/C_/Users/vuman/Downloads/car-head/car-head/Core/Src/quadspi.c.obj
 .text          0x00000000        0x0 CMakeFiles/WeAct_H743_W25Q64.stldr.dir/C_/Users/vuman/Downloads/car-head/car-head/Core/Src/stm32h7xx_hal_msp.c.obj
 .data          0x00000000        0x0 CMakeFiles/WeAct_H743_W25Q64.stldr.dir/C_/Users/vuman/Downloads/car-head/car-head/Core/Src/stm32h7xx_hal_msp.c.obj
 .bss           0x00000000        0x0 CMakeFiles/WeAct_H743_W25Q64.stldr.dir/C_/Users/vuman/Downloads/car-head/car-head/Core/Src/stm32h7xx_hal_msp.c.obj
 .text          0x00000000        0x0 CMakeFiles/WeAct_H743_W25Q64.stldr.dir/C_/Users/vuman/Downloads/car-head/car-head/UserLibrary/Bsp_W25q64.c.obj
 .data          0x00000000        0x0 CMakeFiles/WeAct_H743_W25Q64.stldr.dir/C_/Users/vuman/Downloads/car-head/car-head/UserLibrary/Bsp_W25q64.c.obj
 .bss           0x00000000        0x0 CMakeFiles/WeAct_H743_W25Q64.stldr.dir/C_/Users/vuman/Downloads/car-head/car-head/UserLibrary/Bsp_W25q64.c.obj
 .text.QSPI_W25Qxx_MemoryMappedMode
                0x00000000       0x60 CMakeFiles/WeAct_H743_W25Q64.stldr.dir/C_/Users/vuman/Downloads/car-head/car-head/UserLibrary/Bsp_W25q64.c.obj
 .text.QSPI_W25Qxx_BlockErase_32K
                0x00000000       0x6c CMakeFiles/WeAct_H743_W25Q64.stldr.dir/C_/Users/vuman/Downloads/car-head/car-head/UserLibrary/Bsp_W25q64.c.obj
 .text.QSPI_W25Qxx_BlockErase_64K
                0x00000000       0x6c CMakeFiles/WeAct_H743_W25Q64.stldr.dir/C_/Users/vuman/Downloads/car-head/car-head/UserLibrary/Bsp_W25q64.c.obj
 .text.QSPI_W25Qxx_Test
                0x00000000       0x34 CMakeFiles/WeAct_H743_W25Q64.stldr.dir/C_/Users/vuman/Downloads/car-head/car-head/UserLibrary/Bsp_W25q64.c.obj
 .bss.W25Qxx_ReadBuffer
                0x00000000        0xa CMakeFiles/WeAct_H743_W25Q64.stldr.dir/C_/Users/vuman/Downloads/car-head/car-head/UserLibrary/Bsp_W25q64.c.obj
 .data.W25Qxx_WriteBuffer
                0x00000000        0xa CMakeFiles/WeAct_H743_W25Q64.stldr.dir/C_/Users/vuman/Downloads/car-head/car-head/UserLibrary/Bsp_W25q64.c.obj
 .bss.W25Qxx_TestAddr
                0x00000000        0x4 CMakeFiles/WeAct_H743_W25Q64.stldr.dir/C_/Users/vuman/Downloads/car-head/car-head/UserLibrary/Bsp_W25q64.c.obj
 .text          0x00000000        0x0 CMakeFiles/WeAct_H743_W25Q64.stldr.dir/C_/Users/vuman/Downloads/car-head/car-head/Drivers/STM32H7xx_HAL_Driver/Src/stm32h7xx_hal.c.obj
 .data          0x00000000        0x0 CMakeFiles/WeAct_H743_W25Q64.stldr.dir/C_/Users/vuman/Downloads/car-head/car-head/Drivers/STM32H7xx_HAL_Driver/Src/stm32h7xx_hal.c.obj
 .bss           0x00000000        0x0 CMakeFiles/WeAct_H743_W25Q64.stldr.dir/C_/Users/vuman/Downloads/car-head/car-head/Drivers/STM32H7xx_HAL_Driver/Src/stm32h7xx_hal.c.obj
 .text.HAL_MspInit
                0x00000000        0x2 CMakeFiles/WeAct_H743_W25Q64.stldr.dir/C_/Users/vuman/Downloads/car-head/car-head/Drivers/STM32H7xx_HAL_Driver/Src/stm32h7xx_hal.c.obj
 .text.HAL_MspDeInit
                0x00000000        0x2 CMakeFiles/WeAct_H743_W25Q64.stldr.dir/C_/Users/vuman/Downloads/car-head/car-head/Drivers/STM32H7xx_HAL_Driver/Src/stm32h7xx_hal.c.obj
 .text.HAL_DeInit
                0x00000000       0x84 CMakeFiles/WeAct_H743_W25Q64.stldr.dir/C_/Users/vuman/Downloads/car-head/car-head/Drivers/STM32H7xx_HAL_Driver/Src/stm32h7xx_hal.c.obj
 .text.HAL_IncTick
                0x00000000       0x1c CMakeFiles/WeAct_H743_W25Q64.stldr.dir/C_/Users/vuman/Downloads/car-head/car-head/Drivers/STM32H7xx_HAL_Driver/Src/stm32h7xx_hal.c.obj
 .text.HAL_GetTickPrio
                0x00000000        0xc CMakeFiles/WeAct_H743_W25Q64.stldr.dir/C_/Users/vuman/Downloads/car-head/car-head/Drivers/STM32H7xx_HAL_Driver/Src/stm32h7xx_hal.c.obj
 .text.HAL_SetTickFreq
                0x00000000       0x2c CMakeFiles/WeAct_H743_W25Q64.stldr.dir/C_/Users/vuman/Downloads/car-head/car-head/Drivers/STM32H7xx_HAL_Driver/Src/stm32h7xx_hal.c.obj
 .text.HAL_GetTickFreq
                0x00000000        0xc CMakeFiles/WeAct_H743_W25Q64.stldr.dir/C_/Users/vuman/Downloads/car-head/car-head/Drivers/STM32H7xx_HAL_Driver/Src/stm32h7xx_hal.c.obj
 .text.HAL_Delay
                0x00000000       0x28 CMakeFiles/WeAct_H743_W25Q64.stldr.dir/C_/Users/vuman/Downloads/car-head/car-head/Drivers/STM32H7xx_HAL_Driver/Src/stm32h7xx_hal.c.obj
 .text.HAL_SuspendTick
                0x00000000        0xe CMakeFiles/WeAct_H743_W25Q64.stldr.dir/C_/Users/vuman/Downloads/car-head/car-head/Drivers/STM32H7xx_HAL_Driver/Src/stm32h7xx_hal.c.obj
 .text.HAL_ResumeTick
                0x00000000        0xe CMakeFiles/WeAct_H743_W25Q64.stldr.dir/C_/Users/vuman/Downloads/car-head/car-head/Drivers/STM32H7xx_HAL_Driver/Src/stm32h7xx_hal.c.obj
 .text.HAL_GetHalVersion
                0x00000000        0x8 CMakeFiles/WeAct_H743_W25Q64.stldr.dir/C_/Users/vuman/Downloads/car-head/car-head/Drivers/STM32H7xx_HAL_Driver/Src/stm32h7xx_hal.c.obj
 .text.HAL_GetREVID
                0x00000000        0xc CMakeFiles/WeAct_H743_W25Q64.stldr.dir/C_/Users/vuman/Downloads/car-head/car-head/Drivers/STM32H7xx_HAL_Driver/Src/stm32h7xx_hal.c.obj
 .text.HAL_GetDEVID
                0x00000000       0x10 CMakeFiles/WeAct_H743_W25Q64.stldr.dir/C_/Users/vuman/Downloads/car-head/car-head/Drivers/STM32H7xx_HAL_Driver/Src/stm32h7xx_hal.c.obj
 .text.HAL_GetUIDw0
                0x00000000        0xc CMakeFiles/WeAct_H743_W25Q64.stldr.dir/C_/Users/vuman/Downloads/car-head/car-head/Drivers/STM32H7xx_HAL_Driver/Src/stm32h7xx_hal.c.obj
 .text.HAL_GetUIDw1
                0x00000000        0xc CMakeFiles/WeAct_H743_W25Q64.stldr.dir/C_/Users/vuman/Downloads/car-head/car-head/Drivers/STM32H7xx_HAL_Driver/Src/stm32h7xx_hal.c.obj
 .text.HAL_GetUIDw2
                0x00000000        0xc CMakeFiles/WeAct_H743_W25Q64.stldr.dir/C_/Users/vuman/Downloads/car-head/car-head/Drivers/STM32H7xx_HAL_Driver/Src/stm32h7xx_hal.c.obj
 .text.HAL_SYSCFG_VREFBUF_VoltageScalingConfig
                0x00000000       0x14 CMakeFiles/WeAct_H743_W25Q64.stldr.dir/C_/Users/vuman/Downloads/car-head/car-head/Drivers/STM32H7xx_HAL_Driver/Src/stm32h7xx_hal.c.obj
 .text.HAL_SYSCFG_VREFBUF_HighImpedanceConfig
                0x00000000       0x14 CMakeFiles/WeAct_H743_W25Q64.stldr.dir/C_/Users/vuman/Downloads/car-head/car-head/Drivers/STM32H7xx_HAL_Driver/Src/stm32h7xx_hal.c.obj
 .text.HAL_SYSCFG_VREFBUF_TrimmingConfig
                0x00000000       0x14 CMakeFiles/WeAct_H743_W25Q64.stldr.dir/C_/Users/vuman/Downloads/car-head/car-head/Drivers/STM32H7xx_HAL_Driver/Src/stm32h7xx_hal.c.obj
 .text.HAL_SYSCFG_EnableVREFBUF
                0x00000000       0x30 CMakeFiles/WeAct_H743_W25Q64.stldr.dir/C_/Users/vuman/Downloads/car-head/car-head/Drivers/STM32H7xx_HAL_Driver/Src/stm32h7xx_hal.c.obj
 .text.HAL_SYSCFG_DisableVREFBUF
                0x00000000       0x10 CMakeFiles/WeAct_H743_W25Q64.stldr.dir/C_/Users/vuman/Downloads/car-head/car-head/Drivers/STM32H7xx_HAL_Driver/Src/stm32h7xx_hal.c.obj
 .text.HAL_SYSCFG_ETHInterfaceSelect
                0x00000000       0x14 CMakeFiles/WeAct_H743_W25Q64.stldr.dir/C_/Users/vuman/Downloads/car-head/car-head/Drivers/STM32H7xx_HAL_Driver/Src/stm32h7xx_hal.c.obj
 .text.HAL_SYSCFG_AnalogSwitchConfig
                0x00000000       0x14 CMakeFiles/WeAct_H743_W25Q64.stldr.dir/C_/Users/vuman/Downloads/car-head/car-head/Drivers/STM32H7xx_HAL_Driver/Src/stm32h7xx_hal.c.obj
 .text.HAL_SYSCFG_EnableBOOST
                0x00000000       0x10 CMakeFiles/WeAct_H743_W25Q64.stldr.dir/C_/Users/vuman/Downloads/car-head/car-head/Drivers/STM32H7xx_HAL_Driver/Src/stm32h7xx_hal.c.obj
 .text.HAL_SYSCFG_DisableBOOST
                0x00000000       0x10 CMakeFiles/WeAct_H743_W25Q64.stldr.dir/C_/Users/vuman/Downloads/car-head/car-head/Drivers/STM32H7xx_HAL_Driver/Src/stm32h7xx_hal.c.obj
 .text.HAL_SYSCFG_CM7BootAddConfig
                0x00000000       0x2c CMakeFiles/WeAct_H743_W25Q64.stldr.dir/C_/Users/vuman/Downloads/car-head/car-head/Drivers/STM32H7xx_HAL_Driver/Src/stm32h7xx_hal.c.obj
 .text.HAL_EnableCompensationCell
                0x00000000       0x10 CMakeFiles/WeAct_H743_W25Q64.stldr.dir/C_/Users/vuman/Downloads/car-head/car-head/Drivers/STM32H7xx_HAL_Driver/Src/stm32h7xx_hal.c.obj
 .text.HAL_DisableCompensationCell
                0x00000000       0x10 CMakeFiles/WeAct_H743_W25Q64.stldr.dir/C_/Users/vuman/Downloads/car-head/car-head/Drivers/STM32H7xx_HAL_Driver/Src/stm32h7xx_hal.c.obj
 .text.HAL_SYSCFG_EnableIOSpeedOptimize
                0x00000000       0x10 CMakeFiles/WeAct_H743_W25Q64.stldr.dir/C_/Users/vuman/Downloads/car-head/car-head/Drivers/STM32H7xx_HAL_Driver/Src/stm32h7xx_hal.c.obj
 .text.HAL_SYSCFG_DisableIOSpeedOptimize
                0x00000000       0x10 CMakeFiles/WeAct_H743_W25Q64.stldr.dir/C_/Users/vuman/Downloads/car-head/car-head/Drivers/STM32H7xx_HAL_Driver/Src/stm32h7xx_hal.c.obj
 .text.HAL_SYSCFG_CompensationCodeSelect
                0x00000000       0x14 CMakeFiles/WeAct_H743_W25Q64.stldr.dir/C_/Users/vuman/Downloads/car-head/car-head/Drivers/STM32H7xx_HAL_Driver/Src/stm32h7xx_hal.c.obj
 .text.HAL_SYSCFG_CompensationCodeConfig
                0x00000000       0x18 CMakeFiles/WeAct_H743_W25Q64.stldr.dir/C_/Users/vuman/Downloads/car-head/car-head/Drivers/STM32H7xx_HAL_Driver/Src/stm32h7xx_hal.c.obj
 .text.HAL_DBGMCU_EnableDBGSleepMode
                0x00000000       0x10 CMakeFiles/WeAct_H743_W25Q64.stldr.dir/C_/Users/vuman/Downloads/car-head/car-head/Drivers/STM32H7xx_HAL_Driver/Src/stm32h7xx_hal.c.obj
 .text.HAL_DBGMCU_DisableDBGSleepMode
                0x00000000       0x10 CMakeFiles/WeAct_H743_W25Q64.stldr.dir/C_/Users/vuman/Downloads/car-head/car-head/Drivers/STM32H7xx_HAL_Driver/Src/stm32h7xx_hal.c.obj
 .text.HAL_DBGMCU_EnableDBGStopMode
                0x00000000       0x10 CMakeFiles/WeAct_H743_W25Q64.stldr.dir/C_/Users/vuman/Downloads/car-head/car-head/Drivers/STM32H7xx_HAL_Driver/Src/stm32h7xx_hal.c.obj
 .text.HAL_DBGMCU_DisableDBGStopMode
                0x00000000       0x10 CMakeFiles/WeAct_H743_W25Q64.stldr.dir/C_/Users/vuman/Downloads/car-head/car-head/Drivers/STM32H7xx_HAL_Driver/Src/stm32h7xx_hal.c.obj
 .text.HAL_DBGMCU_EnableDBGStandbyMode
                0x00000000       0x10 CMakeFiles/WeAct_H743_W25Q64.stldr.dir/C_/Users/vuman/Downloads/car-head/car-head/Drivers/STM32H7xx_HAL_Driver/Src/stm32h7xx_hal.c.obj
 .text.HAL_DBGMCU_DisableDBGStandbyMode
                0x00000000       0x10 CMakeFiles/WeAct_H743_W25Q64.stldr.dir/C_/Users/vuman/Downloads/car-head/car-head/Drivers/STM32H7xx_HAL_Driver/Src/stm32h7xx_hal.c.obj
 .text.HAL_SetFMCMemorySwappingConfig
                0x00000000       0x14 CMakeFiles/WeAct_H743_W25Q64.stldr.dir/C_/Users/vuman/Downloads/car-head/car-head/Drivers/STM32H7xx_HAL_Driver/Src/stm32h7xx_hal.c.obj
 .text.HAL_GetFMCMemorySwappingConfig
                0x00000000       0x10 CMakeFiles/WeAct_H743_W25Q64.stldr.dir/C_/Users/vuman/Downloads/car-head/car-head/Drivers/STM32H7xx_HAL_Driver/Src/stm32h7xx_hal.c.obj
 .text.HAL_EXTI_EdgeConfig
                0x00000000       0x38 CMakeFiles/WeAct_H743_W25Q64.stldr.dir/C_/Users/vuman/Downloads/car-head/car-head/Drivers/STM32H7xx_HAL_Driver/Src/stm32h7xx_hal.c.obj
 .text.HAL_EXTI_GenerateSWInterrupt
                0x00000000       0x18 CMakeFiles/WeAct_H743_W25Q64.stldr.dir/C_/Users/vuman/Downloads/car-head/car-head/Drivers/STM32H7xx_HAL_Driver/Src/stm32h7xx_hal.c.obj
 .text.HAL_EXTI_D1_ClearFlag
                0x00000000       0x16 CMakeFiles/WeAct_H743_W25Q64.stldr.dir/C_/Users/vuman/Downloads/car-head/car-head/Drivers/STM32H7xx_HAL_Driver/Src/stm32h7xx_hal.c.obj
 .text.HAL_EXTI_D1_EventInputConfig
                0x00000000       0x52 CMakeFiles/WeAct_H743_W25Q64.stldr.dir/C_/Users/vuman/Downloads/car-head/car-head/Drivers/STM32H7xx_HAL_Driver/Src/stm32h7xx_hal.c.obj
 .text.HAL_EXTI_D3_EventInputConfig
                0x00000000       0x46 CMakeFiles/WeAct_H743_W25Q64.stldr.dir/C_/Users/vuman/Downloads/car-head/car-head/Drivers/STM32H7xx_HAL_Driver/Src/stm32h7xx_hal.c.obj
 .text          0x00000000        0x0 CMakeFiles/WeAct_H743_W25Q64.stldr.dir/C_/Users/vuman/Downloads/car-head/car-head/Drivers/STM32H7xx_HAL_Driver/Src/stm32h7xx_hal_cortex.c.obj
 .data          0x00000000        0x0 CMakeFiles/WeAct_H743_W25Q64.stldr.dir/C_/Users/vuman/Downloads/car-head/car-head/Drivers/STM32H7xx_HAL_Driver/Src/stm32h7xx_hal_cortex.c.obj
 .bss           0x00000000        0x0 CMakeFiles/WeAct_H743_W25Q64.stldr.dir/C_/Users/vuman/Downloads/car-head/car-head/Drivers/STM32H7xx_HAL_Driver/Src/stm32h7xx_hal_cortex.c.obj
 .text.HAL_NVIC_EnableIRQ
                0x00000000       0x1c CMakeFiles/WeAct_H743_W25Q64.stldr.dir/C_/Users/vuman/Downloads/car-head/car-head/Drivers/STM32H7xx_HAL_Driver/Src/stm32h7xx_hal_cortex.c.obj
 .text.HAL_NVIC_DisableIRQ
                0x00000000       0x24 CMakeFiles/WeAct_H743_W25Q64.stldr.dir/C_/Users/vuman/Downloads/car-head/car-head/Drivers/STM32H7xx_HAL_Driver/Src/stm32h7xx_hal_cortex.c.obj
 .text.HAL_NVIC_SystemReset
                0x00000000       0x24 CMakeFiles/WeAct_H743_W25Q64.stldr.dir/C_/Users/vuman/Downloads/car-head/car-head/Drivers/STM32H7xx_HAL_Driver/Src/stm32h7xx_hal_cortex.c.obj
 .text.HAL_MPU_Disable
                0x00000000       0x1c CMakeFiles/WeAct_H743_W25Q64.stldr.dir/C_/Users/vuman/Downloads/car-head/car-head/Drivers/STM32H7xx_HAL_Driver/Src/stm32h7xx_hal_cortex.c.obj
 .text.HAL_MPU_Enable
                0x00000000       0x20 CMakeFiles/WeAct_H743_W25Q64.stldr.dir/C_/Users/vuman/Downloads/car-head/car-head/Drivers/STM32H7xx_HAL_Driver/Src/stm32h7xx_hal_cortex.c.obj
 .text.HAL_MPU_EnableRegion
                0x00000000       0x18 CMakeFiles/WeAct_H743_W25Q64.stldr.dir/C_/Users/vuman/Downloads/car-head/car-head/Drivers/STM32H7xx_HAL_Driver/Src/stm32h7xx_hal_cortex.c.obj
 .text.HAL_MPU_DisableRegion
                0x00000000       0x18 CMakeFiles/WeAct_H743_W25Q64.stldr.dir/C_/Users/vuman/Downloads/car-head/car-head/Drivers/STM32H7xx_HAL_Driver/Src/stm32h7xx_hal_cortex.c.obj
 .text.HAL_MPU_ConfigRegion
                0x00000000       0x58 CMakeFiles/WeAct_H743_W25Q64.stldr.dir/C_/Users/vuman/Downloads/car-head/car-head/Drivers/STM32H7xx_HAL_Driver/Src/stm32h7xx_hal_cortex.c.obj
 .text.HAL_NVIC_GetPriorityGrouping
                0x00000000       0x10 CMakeFiles/WeAct_H743_W25Q64.stldr.dir/C_/Users/vuman/Downloads/car-head/car-head/Drivers/STM32H7xx_HAL_Driver/Src/stm32h7xx_hal_cortex.c.obj
 .text.HAL_NVIC_GetPriority
                0x00000000       0x58 CMakeFiles/WeAct_H743_W25Q64.stldr.dir/C_/Users/vuman/Downloads/car-head/car-head/Drivers/STM32H7xx_HAL_Driver/Src/stm32h7xx_hal_cortex.c.obj
 .text.HAL_NVIC_SetPendingIRQ
                0x00000000       0x1c CMakeFiles/WeAct_H743_W25Q64.stldr.dir/C_/Users/vuman/Downloads/car-head/car-head/Drivers/STM32H7xx_HAL_Driver/Src/stm32h7xx_hal_cortex.c.obj
 .text.HAL_NVIC_GetPendingIRQ
                0x00000000       0x24 CMakeFiles/WeAct_H743_W25Q64.stldr.dir/C_/Users/vuman/Downloads/car-head/car-head/Drivers/STM32H7xx_HAL_Driver/Src/stm32h7xx_hal_cortex.c.obj
 .text.HAL_NVIC_ClearPendingIRQ
                0x00000000       0x1c CMakeFiles/WeAct_H743_W25Q64.stldr.dir/C_/Users/vuman/Downloads/car-head/car-head/Drivers/STM32H7xx_HAL_Driver/Src/stm32h7xx_hal_cortex.c.obj
 .text.HAL_NVIC_GetActive
                0x00000000       0x24 CMakeFiles/WeAct_H743_W25Q64.stldr.dir/C_/Users/vuman/Downloads/car-head/car-head/Drivers/STM32H7xx_HAL_Driver/Src/stm32h7xx_hal_cortex.c.obj
 .text.HAL_SYSTICK_CLKSourceConfig
                0x00000000       0x16 CMakeFiles/WeAct_H743_W25Q64.stldr.dir/C_/Users/vuman/Downloads/car-head/car-head/Drivers/STM32H7xx_HAL_Driver/Src/stm32h7xx_hal_cortex.c.obj
 .text.HAL_SYSTICK_Callback
                0x00000000        0x2 CMakeFiles/WeAct_H743_W25Q64.stldr.dir/C_/Users/vuman/Downloads/car-head/car-head/Drivers/STM32H7xx_HAL_Driver/Src/stm32h7xx_hal_cortex.c.obj
 .text.HAL_SYSTICK_IRQHandler
                0x00000000        0x8 CMakeFiles/WeAct_H743_W25Q64.stldr.dir/C_/Users/vuman/Downloads/car-head/car-head/Drivers/STM32H7xx_HAL_Driver/Src/stm32h7xx_hal_cortex.c.obj
 .text.HAL_GetCurrentCPUID
                0x00000000        0x4 CMakeFiles/WeAct_H743_W25Q64.stldr.dir/C_/Users/vuman/Downloads/car-head/car-head/Drivers/STM32H7xx_HAL_Driver/Src/stm32h7xx_hal_cortex.c.obj
 .text          0x00000000        0x0 CMakeFiles/WeAct_H743_W25Q64.stldr.dir/C_/Users/vuman/Downloads/car-head/car-head/Drivers/STM32H7xx_HAL_Driver/Src/stm32h7xx_hal_rcc.c.obj
 .data          0x00000000        0x0 CMakeFiles/WeAct_H743_W25Q64.stldr.dir/C_/Users/vuman/Downloads/car-head/car-head/Drivers/STM32H7xx_HAL_Driver/Src/stm32h7xx_hal_rcc.c.obj
 .bss           0x00000000        0x0 CMakeFiles/WeAct_H743_W25Q64.stldr.dir/C_/Users/vuman/Downloads/car-head/car-head/Drivers/STM32H7xx_HAL_Driver/Src/stm32h7xx_hal_rcc.c.obj
 .text.HAL_RCC_DeInit
                0x00000000      0x1ac CMakeFiles/WeAct_H743_W25Q64.stldr.dir/C_/Users/vuman/Downloads/car-head/car-head/Drivers/STM32H7xx_HAL_Driver/Src/stm32h7xx_hal_rcc.c.obj
 .text.HAL_RCC_OscConfig
                0x00000000      0x510 CMakeFiles/WeAct_H743_W25Q64.stldr.dir/C_/Users/vuman/Downloads/car-head/car-head/Drivers/STM32H7xx_HAL_Driver/Src/stm32h7xx_hal_rcc.c.obj
 .text.HAL_RCC_MCOConfig
                0x00000000       0x9c CMakeFiles/WeAct_H743_W25Q64.stldr.dir/C_/Users/vuman/Downloads/car-head/car-head/Drivers/STM32H7xx_HAL_Driver/Src/stm32h7xx_hal_rcc.c.obj
 .text.HAL_RCC_EnableCSS
                0x00000000       0x10 CMakeFiles/WeAct_H743_W25Q64.stldr.dir/C_/Users/vuman/Downloads/car-head/car-head/Drivers/STM32H7xx_HAL_Driver/Src/stm32h7xx_hal_rcc.c.obj
 .text.HAL_RCC_DisableCSS
                0x00000000       0x10 CMakeFiles/WeAct_H743_W25Q64.stldr.dir/C_/Users/vuman/Downloads/car-head/car-head/Drivers/STM32H7xx_HAL_Driver/Src/stm32h7xx_hal_rcc.c.obj
 .text.HAL_RCC_ClockConfig
                0x00000000      0x260 CMakeFiles/WeAct_H743_W25Q64.stldr.dir/C_/Users/vuman/Downloads/car-head/car-head/Drivers/STM32H7xx_HAL_Driver/Src/stm32h7xx_hal_rcc.c.obj
 .text.HAL_RCC_GetHCLKFreq
                0x00000000       0x54 CMakeFiles/WeAct_H743_W25Q64.stldr.dir/C_/Users/vuman/Downloads/car-head/car-head/Drivers/STM32H7xx_HAL_Driver/Src/stm32h7xx_hal_rcc.c.obj
 .text.HAL_RCC_GetPCLK1Freq
                0x00000000       0x2c CMakeFiles/WeAct_H743_W25Q64.stldr.dir/C_/Users/vuman/Downloads/car-head/car-head/Drivers/STM32H7xx_HAL_Driver/Src/stm32h7xx_hal_rcc.c.obj
 .text.HAL_RCC_GetPCLK2Freq
                0x00000000       0x2c CMakeFiles/WeAct_H743_W25Q64.stldr.dir/C_/Users/vuman/Downloads/car-head/car-head/Drivers/STM32H7xx_HAL_Driver/Src/stm32h7xx_hal_rcc.c.obj
 .text.HAL_RCC_GetOscConfig
                0x00000000       0xe8 CMakeFiles/WeAct_H743_W25Q64.stldr.dir/C_/Users/vuman/Downloads/car-head/car-head/Drivers/STM32H7xx_HAL_Driver/Src/stm32h7xx_hal_rcc.c.obj
 .text.HAL_RCC_GetClockConfig
                0x00000000       0x54 CMakeFiles/WeAct_H743_W25Q64.stldr.dir/C_/Users/vuman/Downloads/car-head/car-head/Drivers/STM32H7xx_HAL_Driver/Src/stm32h7xx_hal_rcc.c.obj
 .text.HAL_RCC_CSSCallback
                0x00000000        0x2 CMakeFiles/WeAct_H743_W25Q64.stldr.dir/C_/Users/vuman/Downloads/car-head/car-head/Drivers/STM32H7xx_HAL_Driver/Src/stm32h7xx_hal_rcc.c.obj
 .text.HAL_RCC_NMI_IRQHandler
                0x00000000       0x1c CMakeFiles/WeAct_H743_W25Q64.stldr.dir/C_/Users/vuman/Downloads/car-head/car-head/Drivers/STM32H7xx_HAL_Driver/Src/stm32h7xx_hal_rcc.c.obj
 .text          0x00000000        0x0 CMakeFiles/WeAct_H743_W25Q64.stldr.dir/C_/Users/vuman/Downloads/car-head/car-head/Drivers/STM32H7xx_HAL_Driver/Src/stm32h7xx_hal_rcc_ex.c.obj
 .data          0x00000000        0x0 CMakeFiles/WeAct_H743_W25Q64.stldr.dir/C_/Users/vuman/Downloads/car-head/car-head/Drivers/STM32H7xx_HAL_Driver/Src/stm32h7xx_hal_rcc_ex.c.obj
 .bss           0x00000000        0x0 CMakeFiles/WeAct_H743_W25Q64.stldr.dir/C_/Users/vuman/Downloads/car-head/car-head/Drivers/STM32H7xx_HAL_Driver/Src/stm32h7xx_hal_rcc_ex.c.obj
 .text.HAL_RCCEx_GetPeriphCLKConfig
                0x00000000      0x198 CMakeFiles/WeAct_H743_W25Q64.stldr.dir/C_/Users/vuman/Downloads/car-head/car-head/Drivers/STM32H7xx_HAL_Driver/Src/stm32h7xx_hal_rcc_ex.c.obj
 .text.HAL_RCCEx_GetD1PCLK1Freq
                0x00000000       0x2c CMakeFiles/WeAct_H743_W25Q64.stldr.dir/C_/Users/vuman/Downloads/car-head/car-head/Drivers/STM32H7xx_HAL_Driver/Src/stm32h7xx_hal_rcc_ex.c.obj
 .text.HAL_RCCEx_GetD3PCLK1Freq
                0x00000000       0x2c CMakeFiles/WeAct_H743_W25Q64.stldr.dir/C_/Users/vuman/Downloads/car-head/car-head/Drivers/STM32H7xx_HAL_Driver/Src/stm32h7xx_hal_rcc_ex.c.obj
 .text.HAL_RCCEx_GetPLL2ClockFreq
                0x00000000      0x150 CMakeFiles/WeAct_H743_W25Q64.stldr.dir/C_/Users/vuman/Downloads/car-head/car-head/Drivers/STM32H7xx_HAL_Driver/Src/stm32h7xx_hal_rcc_ex.c.obj
 .text.HAL_RCCEx_GetPLL3ClockFreq
                0x00000000      0x150 CMakeFiles/WeAct_H743_W25Q64.stldr.dir/C_/Users/vuman/Downloads/car-head/car-head/Drivers/STM32H7xx_HAL_Driver/Src/stm32h7xx_hal_rcc_ex.c.obj
 .text.HAL_RCCEx_GetPLL1ClockFreq
                0x00000000      0x150 CMakeFiles/WeAct_H743_W25Q64.stldr.dir/C_/Users/vuman/Downloads/car-head/car-head/Drivers/STM32H7xx_HAL_Driver/Src/stm32h7xx_hal_rcc_ex.c.obj
 .text.HAL_RCCEx_GetPeriphCLKFreq
                0x00000000      0x2c4 CMakeFiles/WeAct_H743_W25Q64.stldr.dir/C_/Users/vuman/Downloads/car-head/car-head/Drivers/STM32H7xx_HAL_Driver/Src/stm32h7xx_hal_rcc_ex.c.obj
 .text.HAL_RCCEx_GetD1SysClockFreq
                0x00000000       0x50 CMakeFiles/WeAct_H743_W25Q64.stldr.dir/C_/Users/vuman/Downloads/car-head/car-head/Drivers/STM32H7xx_HAL_Driver/Src/stm32h7xx_hal_rcc_ex.c.obj
 .text.HAL_RCCEx_EnableLSECSS
                0x00000000       0x10 CMakeFiles/WeAct_H743_W25Q64.stldr.dir/C_/Users/vuman/Downloads/car-head/car-head/Drivers/STM32H7xx_HAL_Driver/Src/stm32h7xx_hal_rcc_ex.c.obj
 .text.HAL_RCCEx_DisableLSECSS
                0x00000000       0x18 CMakeFiles/WeAct_H743_W25Q64.stldr.dir/C_/Users/vuman/Downloads/car-head/car-head/Drivers/STM32H7xx_HAL_Driver/Src/stm32h7xx_hal_rcc_ex.c.obj
 .text.HAL_RCCEx_EnableLSECSS_IT
                0x00000000       0x30 CMakeFiles/WeAct_H743_W25Q64.stldr.dir/C_/Users/vuman/Downloads/car-head/car-head/Drivers/STM32H7xx_HAL_Driver/Src/stm32h7xx_hal_rcc_ex.c.obj
 .text.HAL_RCCEx_WakeUpStopCLKConfig
                0x00000000       0x14 CMakeFiles/WeAct_H743_W25Q64.stldr.dir/C_/Users/vuman/Downloads/car-head/car-head/Drivers/STM32H7xx_HAL_Driver/Src/stm32h7xx_hal_rcc_ex.c.obj
 .text.HAL_RCCEx_KerWakeUpStopCLKConfig
                0x00000000       0x14 CMakeFiles/WeAct_H743_W25Q64.stldr.dir/C_/Users/vuman/Downloads/car-head/car-head/Drivers/STM32H7xx_HAL_Driver/Src/stm32h7xx_hal_rcc_ex.c.obj
 .text.HAL_RCCEx_WWDGxSysResetConfig
                0x00000000       0x14 CMakeFiles/WeAct_H743_W25Q64.stldr.dir/C_/Users/vuman/Downloads/car-head/car-head/Drivers/STM32H7xx_HAL_Driver/Src/stm32h7xx_hal_rcc_ex.c.obj
 .text.HAL_RCCEx_CRSConfig
                0x00000000       0x70 CMakeFiles/WeAct_H743_W25Q64.stldr.dir/C_/Users/vuman/Downloads/car-head/car-head/Drivers/STM32H7xx_HAL_Driver/Src/stm32h7xx_hal_rcc_ex.c.obj
 .text.HAL_RCCEx_CRSSoftwareSynchronizationGenerate
                0x00000000       0x10 CMakeFiles/WeAct_H743_W25Q64.stldr.dir/C_/Users/vuman/Downloads/car-head/car-head/Drivers/STM32H7xx_HAL_Driver/Src/stm32h7xx_hal_rcc_ex.c.obj
 .text.HAL_RCCEx_CRSGetSynchronizationInfo
                0x00000000       0x24 CMakeFiles/WeAct_H743_W25Q64.stldr.dir/C_/Users/vuman/Downloads/car-head/car-head/Drivers/STM32H7xx_HAL_Driver/Src/stm32h7xx_hal_rcc_ex.c.obj
 .text.HAL_RCCEx_CRSWaitSynchronization
                0x00000000       0x8c CMakeFiles/WeAct_H743_W25Q64.stldr.dir/C_/Users/vuman/Downloads/car-head/car-head/Drivers/STM32H7xx_HAL_Driver/Src/stm32h7xx_hal_rcc_ex.c.obj
 .text.HAL_RCCEx_CRS_SyncOkCallback
                0x00000000        0x2 CMakeFiles/WeAct_H743_W25Q64.stldr.dir/C_/Users/vuman/Downloads/car-head/car-head/Drivers/STM32H7xx_HAL_Driver/Src/stm32h7xx_hal_rcc_ex.c.obj
 .text.HAL_RCCEx_CRS_SyncWarnCallback
                0x00000000        0x2 CMakeFiles/WeAct_H743_W25Q64.stldr.dir/C_/Users/vuman/Downloads/car-head/car-head/Drivers/STM32H7xx_HAL_Driver/Src/stm32h7xx_hal_rcc_ex.c.obj
 .text.HAL_RCCEx_CRS_ExpectedSyncCallback
                0x00000000        0x2 CMakeFiles/WeAct_H743_W25Q64.stldr.dir/C_/Users/vuman/Downloads/car-head/car-head/Drivers/STM32H7xx_HAL_Driver/Src/stm32h7xx_hal_rcc_ex.c.obj
 .text.HAL_RCCEx_CRS_ErrorCallback
                0x00000000        0x2 CMakeFiles/WeAct_H743_W25Q64.stldr.dir/C_/Users/vuman/Downloads/car-head/car-head/Drivers/STM32H7xx_HAL_Driver/Src/stm32h7xx_hal_rcc_ex.c.obj
 .text.HAL_RCCEx_CRS_IRQHandler
                0x00000000       0x70 CMakeFiles/WeAct_H743_W25Q64.stldr.dir/C_/Users/vuman/Downloads/car-head/car-head/Drivers/STM32H7xx_HAL_Driver/Src/stm32h7xx_hal_rcc_ex.c.obj
 .text.HAL_RCCEx_LSECSS_Callback
                0x00000000        0x2 CMakeFiles/WeAct_H743_W25Q64.stldr.dir/C_/Users/vuman/Downloads/car-head/car-head/Drivers/STM32H7xx_HAL_Driver/Src/stm32h7xx_hal_rcc_ex.c.obj
 .text.HAL_RCCEx_LSECSS_IRQHandler
                0x00000000       0x1c CMakeFiles/WeAct_H743_W25Q64.stldr.dir/C_/Users/vuman/Downloads/car-head/car-head/Drivers/STM32H7xx_HAL_Driver/Src/stm32h7xx_hal_rcc_ex.c.obj
 .text          0x00000000        0x0 CMakeFiles/WeAct_H743_W25Q64.stldr.dir/C_/Users/vuman/Downloads/car-head/car-head/Drivers/STM32H7xx_HAL_Driver/Src/stm32h7xx_hal_gpio.c.obj
 .data          0x00000000        0x0 CMakeFiles/WeAct_H743_W25Q64.stldr.dir/C_/Users/vuman/Downloads/car-head/car-head/Drivers/STM32H7xx_HAL_Driver/Src/stm32h7xx_hal_gpio.c.obj
 .bss           0x00000000        0x0 CMakeFiles/WeAct_H743_W25Q64.stldr.dir/C_/Users/vuman/Downloads/car-head/car-head/Drivers/STM32H7xx_HAL_Driver/Src/stm32h7xx_hal_gpio.c.obj
 .text.HAL_GPIO_DeInit
                0x00000000      0x138 CMakeFiles/WeAct_H743_W25Q64.stldr.dir/C_/Users/vuman/Downloads/car-head/car-head/Drivers/STM32H7xx_HAL_Driver/Src/stm32h7xx_hal_gpio.c.obj
 .text.HAL_GPIO_ReadPin
                0x00000000        0xc CMakeFiles/WeAct_H743_W25Q64.stldr.dir/C_/Users/vuman/Downloads/car-head/car-head/Drivers/STM32H7xx_HAL_Driver/Src/stm32h7xx_hal_gpio.c.obj
 .text.HAL_GPIO_WritePin
                0x00000000        0xa CMakeFiles/WeAct_H743_W25Q64.stldr.dir/C_/Users/vuman/Downloads/car-head/car-head/Drivers/STM32H7xx_HAL_Driver/Src/stm32h7xx_hal_gpio.c.obj
 .text.HAL_GPIO_TogglePin
                0x00000000       0x12 CMakeFiles/WeAct_H743_W25Q64.stldr.dir/C_/Users/vuman/Downloads/car-head/car-head/Drivers/STM32H7xx_HAL_Driver/Src/stm32h7xx_hal_gpio.c.obj
 .text.HAL_GPIO_LockPin
                0x00000000       0x2a CMakeFiles/WeAct_H743_W25Q64.stldr.dir/C_/Users/vuman/Downloads/car-head/car-head/Drivers/STM32H7xx_HAL_Driver/Src/stm32h7xx_hal_gpio.c.obj
 .text.HAL_GPIO_EXTI_Callback
                0x00000000        0x2 CMakeFiles/WeAct_H743_W25Q64.stldr.dir/C_/Users/vuman/Downloads/car-head/car-head/Drivers/STM32H7xx_HAL_Driver/Src/stm32h7xx_hal_gpio.c.obj
 .text.HAL_GPIO_EXTI_IRQHandler
                0x00000000       0x18 CMakeFiles/WeAct_H743_W25Q64.stldr.dir/C_/Users/vuman/Downloads/car-head/car-head/Drivers/STM32H7xx_HAL_Driver/Src/stm32h7xx_hal_gpio.c.obj
 .text          0x00000000        0x0 CMakeFiles/WeAct_H743_W25Q64.stldr.dir/C_/Users/vuman/Downloads/car-head/car-head/Drivers/STM32H7xx_HAL_Driver/Src/stm32h7xx_hal_qspi.c.obj
 .data          0x00000000        0x0 CMakeFiles/WeAct_H743_W25Q64.stldr.dir/C_/Users/vuman/Downloads/car-head/car-head/Drivers/STM32H7xx_HAL_Driver/Src/stm32h7xx_hal_qspi.c.obj
 .bss           0x00000000        0x0 CMakeFiles/WeAct_H743_W25Q64.stldr.dir/C_/Users/vuman/Downloads/car-head/car-head/Drivers/STM32H7xx_HAL_Driver/Src/stm32h7xx_hal_qspi.c.obj
 .text.QSPI_DMARxCplt
                0x00000000       0x12 CMakeFiles/WeAct_H743_W25Q64.stldr.dir/C_/Users/vuman/Downloads/car-head/car-head/Drivers/STM32H7xx_HAL_Driver/Src/stm32h7xx_hal_qspi.c.obj
 .text.QSPI_DMATxCplt
                0x00000000       0x12 CMakeFiles/WeAct_H743_W25Q64.stldr.dir/C_/Users/vuman/Downloads/car-head/car-head/Drivers/STM32H7xx_HAL_Driver/Src/stm32h7xx_hal_qspi.c.obj
 .text.HAL_QSPI_MspInit
                0x00000000        0x2 CMakeFiles/WeAct_H743_W25Q64.stldr.dir/C_/Users/vuman/Downloads/car-head/car-head/Drivers/STM32H7xx_HAL_Driver/Src/stm32h7xx_hal_qspi.c.obj
 .text.HAL_QSPI_MspDeInit
                0x00000000        0x2 CMakeFiles/WeAct_H743_W25Q64.stldr.dir/C_/Users/vuman/Downloads/car-head/car-head/Drivers/STM32H7xx_HAL_Driver/Src/stm32h7xx_hal_qspi.c.obj
 .text.HAL_QSPI_DeInit
                0x00000000       0x22 CMakeFiles/WeAct_H743_W25Q64.stldr.dir/C_/Users/vuman/Downloads/car-head/car-head/Drivers/STM32H7xx_HAL_Driver/Src/stm32h7xx_hal_qspi.c.obj
 .text.HAL_QSPI_Command_IT
                0x00000000       0x84 CMakeFiles/WeAct_H743_W25Q64.stldr.dir/C_/Users/vuman/Downloads/car-head/car-head/Drivers/STM32H7xx_HAL_Driver/Src/stm32h7xx_hal_qspi.c.obj
 .text.HAL_QSPI_Transmit_IT
                0x00000000       0x6a CMakeFiles/WeAct_H743_W25Q64.stldr.dir/C_/Users/vuman/Downloads/car-head/car-head/Drivers/STM32H7xx_HAL_Driver/Src/stm32h7xx_hal_qspi.c.obj
 .text.HAL_QSPI_Receive_IT
                0x00000000       0x74 CMakeFiles/WeAct_H743_W25Q64.stldr.dir/C_/Users/vuman/Downloads/car-head/car-head/Drivers/STM32H7xx_HAL_Driver/Src/stm32h7xx_hal_qspi.c.obj
 .text.HAL_QSPI_Transmit_DMA
                0x00000000      0x114 CMakeFiles/WeAct_H743_W25Q64.stldr.dir/C_/Users/vuman/Downloads/car-head/car-head/Drivers/STM32H7xx_HAL_Driver/Src/stm32h7xx_hal_qspi.c.obj
 .text.HAL_QSPI_Receive_DMA
                0x00000000      0x120 CMakeFiles/WeAct_H743_W25Q64.stldr.dir/C_/Users/vuman/Downloads/car-head/car-head/Drivers/STM32H7xx_HAL_Driver/Src/stm32h7xx_hal_qspi.c.obj
 .text.HAL_QSPI_AutoPolling_IT
                0x00000000       0x98 CMakeFiles/WeAct_H743_W25Q64.stldr.dir/C_/Users/vuman/Downloads/car-head/car-head/Drivers/STM32H7xx_HAL_Driver/Src/stm32h7xx_hal_qspi.c.obj
 .text.HAL_QSPI_MemoryMapped
                0x00000000       0x82 CMakeFiles/WeAct_H743_W25Q64.stldr.dir/C_/Users/vuman/Downloads/car-head/car-head/Drivers/STM32H7xx_HAL_Driver/Src/stm32h7xx_hal_qspi.c.obj
 .text.HAL_QSPI_ErrorCallback
                0x00000000        0x2 CMakeFiles/WeAct_H743_W25Q64.stldr.dir/C_/Users/vuman/Downloads/car-head/car-head/Drivers/STM32H7xx_HAL_Driver/Src/stm32h7xx_hal_qspi.c.obj
 .text.QSPI_DMAAbortCplt
                0x00000000       0x36 CMakeFiles/WeAct_H743_W25Q64.stldr.dir/C_/Users/vuman/Downloads/car-head/car-head/Drivers/STM32H7xx_HAL_Driver/Src/stm32h7xx_hal_qspi.c.obj
 .text.HAL_QSPI_AbortCpltCallback
                0x00000000        0x2 CMakeFiles/WeAct_H743_W25Q64.stldr.dir/C_/Users/vuman/Downloads/car-head/car-head/Drivers/STM32H7xx_HAL_Driver/Src/stm32h7xx_hal_qspi.c.obj
 .text.HAL_QSPI_CmdCpltCallback
                0x00000000        0x2 CMakeFiles/WeAct_H743_W25Q64.stldr.dir/C_/Users/vuman/Downloads/car-head/car-head/Drivers/STM32H7xx_HAL_Driver/Src/stm32h7xx_hal_qspi.c.obj
 .text.HAL_QSPI_RxCpltCallback
                0x00000000        0x2 CMakeFiles/WeAct_H743_W25Q64.stldr.dir/C_/Users/vuman/Downloads/car-head/car-head/Drivers/STM32H7xx_HAL_Driver/Src/stm32h7xx_hal_qspi.c.obj
 .text.HAL_QSPI_TxCpltCallback
                0x00000000        0x2 CMakeFiles/WeAct_H743_W25Q64.stldr.dir/C_/Users/vuman/Downloads/car-head/car-head/Drivers/STM32H7xx_HAL_Driver/Src/stm32h7xx_hal_qspi.c.obj
 .text.HAL_QSPI_FifoThresholdCallback
                0x00000000        0x2 CMakeFiles/WeAct_H743_W25Q64.stldr.dir/C_/Users/vuman/Downloads/car-head/car-head/Drivers/STM32H7xx_HAL_Driver/Src/stm32h7xx_hal_qspi.c.obj
 .text.HAL_QSPI_StatusMatchCallback
                0x00000000        0x2 CMakeFiles/WeAct_H743_W25Q64.stldr.dir/C_/Users/vuman/Downloads/car-head/car-head/Drivers/STM32H7xx_HAL_Driver/Src/stm32h7xx_hal_qspi.c.obj
 .text.HAL_QSPI_TimeOutCallback
                0x00000000        0x2 CMakeFiles/WeAct_H743_W25Q64.stldr.dir/C_/Users/vuman/Downloads/car-head/car-head/Drivers/STM32H7xx_HAL_Driver/Src/stm32h7xx_hal_qspi.c.obj
 .text.HAL_QSPI_IRQHandler
                0x00000000      0x1e4 CMakeFiles/WeAct_H743_W25Q64.stldr.dir/C_/Users/vuman/Downloads/car-head/car-head/Drivers/STM32H7xx_HAL_Driver/Src/stm32h7xx_hal_qspi.c.obj
 .text.HAL_QSPI_GetState
                0x00000000        0x6 CMakeFiles/WeAct_H743_W25Q64.stldr.dir/C_/Users/vuman/Downloads/car-head/car-head/Drivers/STM32H7xx_HAL_Driver/Src/stm32h7xx_hal_qspi.c.obj
 .text.HAL_QSPI_GetError
                0x00000000        0x4 CMakeFiles/WeAct_H743_W25Q64.stldr.dir/C_/Users/vuman/Downloads/car-head/car-head/Drivers/STM32H7xx_HAL_Driver/Src/stm32h7xx_hal_qspi.c.obj
 .text.HAL_QSPI_Abort
                0x00000000       0x98 CMakeFiles/WeAct_H743_W25Q64.stldr.dir/C_/Users/vuman/Downloads/car-head/car-head/Drivers/STM32H7xx_HAL_Driver/Src/stm32h7xx_hal_qspi.c.obj
 .text.HAL_QSPI_Abort_IT
                0x00000000       0x78 CMakeFiles/WeAct_H743_W25Q64.stldr.dir/C_/Users/vuman/Downloads/car-head/car-head/Drivers/STM32H7xx_HAL_Driver/Src/stm32h7xx_hal_qspi.c.obj
 .text.QSPI_DMAError
                0x00000000       0x1e CMakeFiles/WeAct_H743_W25Q64.stldr.dir/C_/Users/vuman/Downloads/car-head/car-head/Drivers/STM32H7xx_HAL_Driver/Src/stm32h7xx_hal_qspi.c.obj
 .text.HAL_QSPI_SetTimeout
                0x00000000        0x4 CMakeFiles/WeAct_H743_W25Q64.stldr.dir/C_/Users/vuman/Downloads/car-head/car-head/Drivers/STM32H7xx_HAL_Driver/Src/stm32h7xx_hal_qspi.c.obj
 .text.HAL_QSPI_SetFifoThreshold
                0x00000000       0x3c CMakeFiles/WeAct_H743_W25Q64.stldr.dir/C_/Users/vuman/Downloads/car-head/car-head/Drivers/STM32H7xx_HAL_Driver/Src/stm32h7xx_hal_qspi.c.obj
 .text.HAL_QSPI_GetFifoThreshold
                0x00000000        0xc CMakeFiles/WeAct_H743_W25Q64.stldr.dir/C_/Users/vuman/Downloads/car-head/car-head/Drivers/STM32H7xx_HAL_Driver/Src/stm32h7xx_hal_qspi.c.obj
 .text.HAL_QSPI_SetFlashID
                0x00000000       0x38 CMakeFiles/WeAct_H743_W25Q64.stldr.dir/C_/Users/vuman/Downloads/car-head/car-head/Drivers/STM32H7xx_HAL_Driver/Src/stm32h7xx_hal_qspi.c.obj
 .text          0x00000000        0x0 CMakeFiles/WeAct_H743_W25Q64.stldr.dir/C_/Users/vuman/Downloads/car-head/car-head/Drivers/STM32H7xx_HAL_Driver/Src/stm32h7xx_hal_pwr.c.obj
 .data          0x00000000        0x0 CMakeFiles/WeAct_H743_W25Q64.stldr.dir/C_/Users/vuman/Downloads/car-head/car-head/Drivers/STM32H7xx_HAL_Driver/Src/stm32h7xx_hal_pwr.c.obj
 .bss           0x00000000        0x0 CMakeFiles/WeAct_H743_W25Q64.stldr.dir/C_/Users/vuman/Downloads/car-head/car-head/Drivers/STM32H7xx_HAL_Driver/Src/stm32h7xx_hal_pwr.c.obj
 .text.HAL_PWR_DeInit
                0x00000000        0x2 CMakeFiles/WeAct_H743_W25Q64.stldr.dir/C_/Users/vuman/Downloads/car-head/car-head/Drivers/STM32H7xx_HAL_Driver/Src/stm32h7xx_hal_pwr.c.obj
 .text.HAL_PWR_EnableBkUpAccess
                0x00000000       0x10 CMakeFiles/WeAct_H743_W25Q64.stldr.dir/C_/Users/vuman/Downloads/car-head/car-head/Drivers/STM32H7xx_HAL_Driver/Src/stm32h7xx_hal_pwr.c.obj
 .text.HAL_PWR_DisableBkUpAccess
                0x00000000       0x10 CMakeFiles/WeAct_H743_W25Q64.stldr.dir/C_/Users/vuman/Downloads/car-head/car-head/Drivers/STM32H7xx_HAL_Driver/Src/stm32h7xx_hal_pwr.c.obj
 .text.HAL_PWR_ConfigPVD
                0x00000000       0x8c CMakeFiles/WeAct_H743_W25Q64.stldr.dir/C_/Users/vuman/Downloads/car-head/car-head/Drivers/STM32H7xx_HAL_Driver/Src/stm32h7xx_hal_pwr.c.obj
 .text.HAL_PWR_EnablePVD
                0x00000000       0x10 CMakeFiles/WeAct_H743_W25Q64.stldr.dir/C_/Users/vuman/Downloads/car-head/car-head/Drivers/STM32H7xx_HAL_Driver/Src/stm32h7xx_hal_pwr.c.obj
 .text.HAL_PWR_DisablePVD
                0x00000000       0x10 CMakeFiles/WeAct_H743_W25Q64.stldr.dir/C_/Users/vuman/Downloads/car-head/car-head/Drivers/STM32H7xx_HAL_Driver/Src/stm32h7xx_hal_pwr.c.obj
 .text.HAL_PWR_EnableWakeUpPin
                0x00000000       0x18 CMakeFiles/WeAct_H743_W25Q64.stldr.dir/C_/Users/vuman/Downloads/car-head/car-head/Drivers/STM32H7xx_HAL_Driver/Src/stm32h7xx_hal_pwr.c.obj
 .text.HAL_PWR_DisableWakeUpPin
                0x00000000       0x14 CMakeFiles/WeAct_H743_W25Q64.stldr.dir/C_/Users/vuman/Downloads/car-head/car-head/Drivers/STM32H7xx_HAL_Driver/Src/stm32h7xx_hal_pwr.c.obj
 .text.HAL_PWR_EnterSLEEPMode
                0x00000000       0x1c CMakeFiles/WeAct_H743_W25Q64.stldr.dir/C_/Users/vuman/Downloads/car-head/car-head/Drivers/STM32H7xx_HAL_Driver/Src/stm32h7xx_hal_pwr.c.obj
 .text.HAL_PWR_EnterSTOPMode
                0x00000000       0x4c CMakeFiles/WeAct_H743_W25Q64.stldr.dir/C_/Users/vuman/Downloads/car-head/car-head/Drivers/STM32H7xx_HAL_Driver/Src/stm32h7xx_hal_pwr.c.obj
 .text.HAL_PWR_EnterSTANDBYMode
                0x00000000       0x30 CMakeFiles/WeAct_H743_W25Q64.stldr.dir/C_/Users/vuman/Downloads/car-head/car-head/Drivers/STM32H7xx_HAL_Driver/Src/stm32h7xx_hal_pwr.c.obj
 .text.HAL_PWR_EnableSleepOnExit
                0x00000000       0x10 CMakeFiles/WeAct_H743_W25Q64.stldr.dir/C_/Users/vuman/Downloads/car-head/car-head/Drivers/STM32H7xx_HAL_Driver/Src/stm32h7xx_hal_pwr.c.obj
 .text.HAL_PWR_DisableSleepOnExit
                0x00000000       0x10 CMakeFiles/WeAct_H743_W25Q64.stldr.dir/C_/Users/vuman/Downloads/car-head/car-head/Drivers/STM32H7xx_HAL_Driver/Src/stm32h7xx_hal_pwr.c.obj
 .text.HAL_PWR_EnableSEVOnPend
                0x00000000       0x10 CMakeFiles/WeAct_H743_W25Q64.stldr.dir/C_/Users/vuman/Downloads/car-head/car-head/Drivers/STM32H7xx_HAL_Driver/Src/stm32h7xx_hal_pwr.c.obj
 .text.HAL_PWR_DisableSEVOnPend
                0x00000000       0x10 CMakeFiles/WeAct_H743_W25Q64.stldr.dir/C_/Users/vuman/Downloads/car-head/car-head/Drivers/STM32H7xx_HAL_Driver/Src/stm32h7xx_hal_pwr.c.obj
 .text.HAL_PWR_PVDCallback
                0x00000000        0x2 CMakeFiles/WeAct_H743_W25Q64.stldr.dir/C_/Users/vuman/Downloads/car-head/car-head/Drivers/STM32H7xx_HAL_Driver/Src/stm32h7xx_hal_pwr.c.obj
 .text.HAL_PWR_PVD_IRQHandler
                0x00000000       0x20 CMakeFiles/WeAct_H743_W25Q64.stldr.dir/C_/Users/vuman/Downloads/car-head/car-head/Drivers/STM32H7xx_HAL_Driver/Src/stm32h7xx_hal_pwr.c.obj
 .comment       0x00000000       0x44 CMakeFiles/WeAct_H743_W25Q64.stldr.dir/C_/Users/vuman/Downloads/car-head/car-head/Drivers/STM32H7xx_HAL_Driver/Src/stm32h7xx_hal_pwr.c.obj
 .ARM.attributes
                0x00000000       0x32 CMakeFiles/WeAct_H743_W25Q64.stldr.dir/C_/Users/vuman/Downloads/car-head/car-head/Drivers/STM32H7xx_HAL_Driver/Src/stm32h7xx_hal_pwr.c.obj
 .text          0x00000000        0x0 CMakeFiles/WeAct_H743_W25Q64.stldr.dir/C_/Users/vuman/Downloads/car-head/car-head/Drivers/STM32H7xx_HAL_Driver/Src/stm32h7xx_hal_pwr_ex.c.obj
 .data          0x00000000        0x0 CMakeFiles/WeAct_H743_W25Q64.stldr.dir/C_/Users/vuman/Downloads/car-head/car-head/Drivers/STM32H7xx_HAL_Driver/Src/stm32h7xx_hal_pwr_ex.c.obj
 .bss           0x00000000        0x0 CMakeFiles/WeAct_H743_W25Q64.stldr.dir/C_/Users/vuman/Downloads/car-head/car-head/Drivers/STM32H7xx_HAL_Driver/Src/stm32h7xx_hal_pwr_ex.c.obj
 .text.HAL_PWREx_ConfigSupply
                0x00000000       0x48 CMakeFiles/WeAct_H743_W25Q64.stldr.dir/C_/Users/vuman/Downloads/car-head/car-head/Drivers/STM32H7xx_HAL_Driver/Src/stm32h7xx_hal_pwr_ex.c.obj
 .text.HAL_PWREx_GetSupplyConfig
                0x00000000       0x10 CMakeFiles/WeAct_H743_W25Q64.stldr.dir/C_/Users/vuman/Downloads/car-head/car-head/Drivers/STM32H7xx_HAL_Driver/Src/stm32h7xx_hal_pwr_ex.c.obj
 .text.HAL_PWREx_ControlVoltageScaling
                0x00000000       0xb0 CMakeFiles/WeAct_H743_W25Q64.stldr.dir/C_/Users/vuman/Downloads/car-head/car-head/Drivers/STM32H7xx_HAL_Driver/Src/stm32h7xx_hal_pwr_ex.c.obj
 .text.HAL_PWREx_GetVoltageRange
                0x00000000       0x10 CMakeFiles/WeAct_H743_W25Q64.stldr.dir/C_/Users/vuman/Downloads/car-head/car-head/Drivers/STM32H7xx_HAL_Driver/Src/stm32h7xx_hal_pwr_ex.c.obj
 .text.HAL_PWREx_ControlStopModeVoltageScaling
                0x00000000       0x14 CMakeFiles/WeAct_H743_W25Q64.stldr.dir/C_/Users/vuman/Downloads/car-head/car-head/Drivers/STM32H7xx_HAL_Driver/Src/stm32h7xx_hal_pwr_ex.c.obj
 .text.HAL_PWREx_GetStopModeVoltageRange
                0x00000000       0x10 CMakeFiles/WeAct_H743_W25Q64.stldr.dir/C_/Users/vuman/Downloads/car-head/car-head/Drivers/STM32H7xx_HAL_Driver/Src/stm32h7xx_hal_pwr_ex.c.obj
 .text.HAL_PWREx_EnterSTOPMode
                0x00000000       0x54 CMakeFiles/WeAct_H743_W25Q64.stldr.dir/C_/Users/vuman/Downloads/car-head/car-head/Drivers/STM32H7xx_HAL_Driver/Src/stm32h7xx_hal_pwr_ex.c.obj
 .text.HAL_PWREx_ClearPendingEvent
                0x00000000        0x4 CMakeFiles/WeAct_H743_W25Q64.stldr.dir/C_/Users/vuman/Downloads/car-head/car-head/Drivers/STM32H7xx_HAL_Driver/Src/stm32h7xx_hal_pwr_ex.c.obj
 .text.HAL_PWREx_EnterSTANDBYMode
                0x00000000       0x34 CMakeFiles/WeAct_H743_W25Q64.stldr.dir/C_/Users/vuman/Downloads/car-head/car-head/Drivers/STM32H7xx_HAL_Driver/Src/stm32h7xx_hal_pwr_ex.c.obj
 .text.HAL_PWREx_ConfigD3Domain
                0x00000000       0x14 CMakeFiles/WeAct_H743_W25Q64.stldr.dir/C_/Users/vuman/Downloads/car-head/car-head/Drivers/STM32H7xx_HAL_Driver/Src/stm32h7xx_hal_pwr_ex.c.obj
 .text.HAL_PWREx_EnableFlashPowerDown
                0x00000000       0x10 CMakeFiles/WeAct_H743_W25Q64.stldr.dir/C_/Users/vuman/Downloads/car-head/car-head/Drivers/STM32H7xx_HAL_Driver/Src/stm32h7xx_hal_pwr_ex.c.obj
 .text.HAL_PWREx_DisableFlashPowerDown
                0x00000000       0x10 CMakeFiles/WeAct_H743_W25Q64.stldr.dir/C_/Users/vuman/Downloads/car-head/car-head/Drivers/STM32H7xx_HAL_Driver/Src/stm32h7xx_hal_pwr_ex.c.obj
 .text.HAL_PWREx_EnableWakeUpPin
                0x00000000       0x80 CMakeFiles/WeAct_H743_W25Q64.stldr.dir/C_/Users/vuman/Downloads/car-head/car-head/Drivers/STM32H7xx_HAL_Driver/Src/stm32h7xx_hal_pwr_ex.c.obj
 .text.HAL_PWREx_DisableWakeUpPin
                0x00000000       0x10 CMakeFiles/WeAct_H743_W25Q64.stldr.dir/C_/Users/vuman/Downloads/car-head/car-head/Drivers/STM32H7xx_HAL_Driver/Src/stm32h7xx_hal_pwr_ex.c.obj
 .text.HAL_PWREx_GetWakeupFlag
                0x00000000        0xc CMakeFiles/WeAct_H743_W25Q64.stldr.dir/C_/Users/vuman/Downloads/car-head/car-head/Drivers/STM32H7xx_HAL_Driver/Src/stm32h7xx_hal_pwr_ex.c.obj
 .text.HAL_PWREx_ClearWakeupFlag
                0x00000000       0x18 CMakeFiles/WeAct_H743_W25Q64.stldr.dir/C_/Users/vuman/Downloads/car-head/car-head/Drivers/STM32H7xx_HAL_Driver/Src/stm32h7xx_hal_pwr_ex.c.obj
 .text.HAL_PWREx_WKUP1_Callback
                0x00000000        0x2 CMakeFiles/WeAct_H743_W25Q64.stldr.dir/C_/Users/vuman/Downloads/car-head/car-head/Drivers/STM32H7xx_HAL_Driver/Src/stm32h7xx_hal_pwr_ex.c.obj
 .text.HAL_PWREx_WKUP2_Callback
                0x00000000        0x2 CMakeFiles/WeAct_H743_W25Q64.stldr.dir/C_/Users/vuman/Downloads/car-head/car-head/Drivers/STM32H7xx_HAL_Driver/Src/stm32h7xx_hal_pwr_ex.c.obj
 .text.HAL_PWREx_WKUP3_Callback
                0x00000000        0x2 CMakeFiles/WeAct_H743_W25Q64.stldr.dir/C_/Users/vuman/Downloads/car-head/car-head/Drivers/STM32H7xx_HAL_Driver/Src/stm32h7xx_hal_pwr_ex.c.obj
 .text.HAL_PWREx_WKUP4_Callback
                0x00000000        0x2 CMakeFiles/WeAct_H743_W25Q64.stldr.dir/C_/Users/vuman/Downloads/car-head/car-head/Drivers/STM32H7xx_HAL_Driver/Src/stm32h7xx_hal_pwr_ex.c.obj
 .text.HAL_PWREx_WKUP5_Callback
                0x00000000        0x2 CMakeFiles/WeAct_H743_W25Q64.stldr.dir/C_/Users/vuman/Downloads/car-head/car-head/Drivers/STM32H7xx_HAL_Driver/Src/stm32h7xx_hal_pwr_ex.c.obj
 .text.HAL_PWREx_WKUP6_Callback
                0x00000000        0x2 CMakeFiles/WeAct_H743_W25Q64.stldr.dir/C_/Users/vuman/Downloads/car-head/car-head/Drivers/STM32H7xx_HAL_Driver/Src/stm32h7xx_hal_pwr_ex.c.obj
 .text.HAL_PWREx_WAKEUP_PIN_IRQHandler
                0x00000000       0x7c CMakeFiles/WeAct_H743_W25Q64.stldr.dir/C_/Users/vuman/Downloads/car-head/car-head/Drivers/STM32H7xx_HAL_Driver/Src/stm32h7xx_hal_pwr_ex.c.obj
 .text.HAL_PWREx_EnableBkUpReg
                0x00000000       0x30 CMakeFiles/WeAct_H743_W25Q64.stldr.dir/C_/Users/vuman/Downloads/car-head/car-head/Drivers/STM32H7xx_HAL_Driver/Src/stm32h7xx_hal_pwr_ex.c.obj
 .text.HAL_PWREx_DisableBkUpReg
                0x00000000       0x30 CMakeFiles/WeAct_H743_W25Q64.stldr.dir/C_/Users/vuman/Downloads/car-head/car-head/Drivers/STM32H7xx_HAL_Driver/Src/stm32h7xx_hal_pwr_ex.c.obj
 .text.HAL_PWREx_EnableUSBReg
                0x00000000       0x30 CMakeFiles/WeAct_H743_W25Q64.stldr.dir/C_/Users/vuman/Downloads/car-head/car-head/Drivers/STM32H7xx_HAL_Driver/Src/stm32h7xx_hal_pwr_ex.c.obj
 .text.HAL_PWREx_DisableUSBReg
                0x00000000       0x30 CMakeFiles/WeAct_H743_W25Q64.stldr.dir/C_/Users/vuman/Downloads/car-head/car-head/Drivers/STM32H7xx_HAL_Driver/Src/stm32h7xx_hal_pwr_ex.c.obj
 .text.HAL_PWREx_EnableUSBVoltageDetector
                0x00000000       0x10 CMakeFiles/WeAct_H743_W25Q64.stldr.dir/C_/Users/vuman/Downloads/car-head/car-head/Drivers/STM32H7xx_HAL_Driver/Src/stm32h7xx_hal_pwr_ex.c.obj
 .text.HAL_PWREx_DisableUSBVoltageDetector
                0x00000000       0x10 CMakeFiles/WeAct_H743_W25Q64.stldr.dir/C_/Users/vuman/Downloads/car-head/car-head/Drivers/STM32H7xx_HAL_Driver/Src/stm32h7xx_hal_pwr_ex.c.obj
 .text.HAL_PWREx_EnableBatteryCharging
                0x00000000       0x1c CMakeFiles/WeAct_H743_W25Q64.stldr.dir/C_/Users/vuman/Downloads/car-head/car-head/Drivers/STM32H7xx_HAL_Driver/Src/stm32h7xx_hal_pwr_ex.c.obj
 .text.HAL_PWREx_DisableBatteryCharging
                0x00000000       0x10 CMakeFiles/WeAct_H743_W25Q64.stldr.dir/C_/Users/vuman/Downloads/car-head/car-head/Drivers/STM32H7xx_HAL_Driver/Src/stm32h7xx_hal_pwr_ex.c.obj
 .text.HAL_PWREx_EnableMonitoring
                0x00000000       0x10 CMakeFiles/WeAct_H743_W25Q64.stldr.dir/C_/Users/vuman/Downloads/car-head/car-head/Drivers/STM32H7xx_HAL_Driver/Src/stm32h7xx_hal_pwr_ex.c.obj
 .text.HAL_PWREx_DisableMonitoring
                0x00000000       0x10 CMakeFiles/WeAct_H743_W25Q64.stldr.dir/C_/Users/vuman/Downloads/car-head/car-head/Drivers/STM32H7xx_HAL_Driver/Src/stm32h7xx_hal_pwr_ex.c.obj
 .text.HAL_PWREx_GetTemperatureLevel
                0x00000000       0x20 CMakeFiles/WeAct_H743_W25Q64.stldr.dir/C_/Users/vuman/Downloads/car-head/car-head/Drivers/STM32H7xx_HAL_Driver/Src/stm32h7xx_hal_pwr_ex.c.obj
 .text.HAL_PWREx_GetVBATLevel
                0x00000000       0x20 CMakeFiles/WeAct_H743_W25Q64.stldr.dir/C_/Users/vuman/Downloads/car-head/car-head/Drivers/STM32H7xx_HAL_Driver/Src/stm32h7xx_hal_pwr_ex.c.obj
 .text.HAL_PWREx_ConfigAVD
                0x00000000       0x88 CMakeFiles/WeAct_H743_W25Q64.stldr.dir/C_/Users/vuman/Downloads/car-head/car-head/Drivers/STM32H7xx_HAL_Driver/Src/stm32h7xx_hal_pwr_ex.c.obj
 .text.HAL_PWREx_EnableAVD
                0x00000000       0x10 CMakeFiles/WeAct_H743_W25Q64.stldr.dir/C_/Users/vuman/Downloads/car-head/car-head/Drivers/STM32H7xx_HAL_Driver/Src/stm32h7xx_hal_pwr_ex.c.obj
 .text.HAL_PWREx_DisableAVD
                0x00000000       0x10 CMakeFiles/WeAct_H743_W25Q64.stldr.dir/C_/Users/vuman/Downloads/car-head/car-head/Drivers/STM32H7xx_HAL_Driver/Src/stm32h7xx_hal_pwr_ex.c.obj
 .text.HAL_PWREx_AVDCallback
                0x00000000        0x2 CMakeFiles/WeAct_H743_W25Q64.stldr.dir/C_/Users/vuman/Downloads/car-head/car-head/Drivers/STM32H7xx_HAL_Driver/Src/stm32h7xx_hal_pwr_ex.c.obj
 .text.HAL_PWREx_PVD_AVD_IRQHandler
                0x00000000       0x5c CMakeFiles/WeAct_H743_W25Q64.stldr.dir/C_/Users/vuman/Downloads/car-head/car-head/Drivers/STM32H7xx_HAL_Driver/Src/stm32h7xx_hal_pwr_ex.c.obj
 .comment       0x00000000       0x44 CMakeFiles/WeAct_H743_W25Q64.stldr.dir/C_/Users/vuman/Downloads/car-head/car-head/Drivers/STM32H7xx_HAL_Driver/Src/stm32h7xx_hal_pwr_ex.c.obj
 .ARM.attributes
                0x00000000       0x32 CMakeFiles/WeAct_H743_W25Q64.stldr.dir/C_/Users/vuman/Downloads/car-head/car-head/Drivers/STM32H7xx_HAL_Driver/Src/stm32h7xx_hal_pwr_ex.c.obj
 .text          0x00000000        0x0 CMakeFiles/WeAct_H743_W25Q64.stldr.dir/C_/Users/vuman/Downloads/car-head/car-head/Drivers/STM32H7xx_HAL_Driver/Src/stm32h7xx_hal_mdma.c.obj
 .data          0x00000000        0x0 CMakeFiles/WeAct_H743_W25Q64.stldr.dir/C_/Users/vuman/Downloads/car-head/car-head/Drivers/STM32H7xx_HAL_Driver/Src/stm32h7xx_hal_mdma.c.obj
 .bss           0x00000000        0x0 CMakeFiles/WeAct_H743_W25Q64.stldr.dir/C_/Users/vuman/Downloads/car-head/car-head/Drivers/STM32H7xx_HAL_Driver/Src/stm32h7xx_hal_mdma.c.obj
 .text.MDMA_SetConfig
                0x00000000       0x52 CMakeFiles/WeAct_H743_W25Q64.stldr.dir/C_/Users/vuman/Downloads/car-head/car-head/Drivers/STM32H7xx_HAL_Driver/Src/stm32h7xx_hal_mdma.c.obj
 .text.HAL_MDMA_Init
                0x00000000       0xde CMakeFiles/WeAct_H743_W25Q64.stldr.dir/C_/Users/vuman/Downloads/car-head/car-head/Drivers/STM32H7xx_HAL_Driver/Src/stm32h7xx_hal_mdma.c.obj
 .text.HAL_MDMA_DeInit
                0x00000000       0x3e CMakeFiles/WeAct_H743_W25Q64.stldr.dir/C_/Users/vuman/Downloads/car-head/car-head/Drivers/STM32H7xx_HAL_Driver/Src/stm32h7xx_hal_mdma.c.obj
 .text.HAL_MDMA_ConfigPostRequestMask
                0x00000000       0x50 CMakeFiles/WeAct_H743_W25Q64.stldr.dir/C_/Users/vuman/Downloads/car-head/car-head/Drivers/STM32H7xx_HAL_Driver/Src/stm32h7xx_hal_mdma.c.obj
 .text.HAL_MDMA_RegisterCallback
                0x00000000       0x4e CMakeFiles/WeAct_H743_W25Q64.stldr.dir/C_/Users/vuman/Downloads/car-head/car-head/Drivers/STM32H7xx_HAL_Driver/Src/stm32h7xx_hal_mdma.c.obj
 .text.HAL_MDMA_UnRegisterCallback
                0x00000000       0x66 CMakeFiles/WeAct_H743_W25Q64.stldr.dir/C_/Users/vuman/Downloads/car-head/car-head/Drivers/STM32H7xx_HAL_Driver/Src/stm32h7xx_hal_mdma.c.obj
 .text.HAL_MDMA_LinkedList_CreateNode
                0x00000000       0xde CMakeFiles/WeAct_H743_W25Q64.stldr.dir/C_/Users/vuman/Downloads/car-head/car-head/Drivers/STM32H7xx_HAL_Driver/Src/stm32h7xx_hal_mdma.c.obj
 .text.HAL_MDMA_LinkedList_AddNode
                0x00000000       0xc4 CMakeFiles/WeAct_H743_W25Q64.stldr.dir/C_/Users/vuman/Downloads/car-head/car-head/Drivers/STM32H7xx_HAL_Driver/Src/stm32h7xx_hal_mdma.c.obj
 .text.HAL_MDMA_LinkedList_RemoveNode
                0x00000000       0xb6 CMakeFiles/WeAct_H743_W25Q64.stldr.dir/C_/Users/vuman/Downloads/car-head/car-head/Drivers/STM32H7xx_HAL_Driver/Src/stm32h7xx_hal_mdma.c.obj
 .text.HAL_MDMA_LinkedList_EnableCircularMode
                0x00000000       0x4a CMakeFiles/WeAct_H743_W25Q64.stldr.dir/C_/Users/vuman/Downloads/car-head/car-head/Drivers/STM32H7xx_HAL_Driver/Src/stm32h7xx_hal_mdma.c.obj
 .text.HAL_MDMA_LinkedList_DisableCircularMode
                0x00000000       0x4a CMakeFiles/WeAct_H743_W25Q64.stldr.dir/C_/Users/vuman/Downloads/car-head/car-head/Drivers/STM32H7xx_HAL_Driver/Src/stm32h7xx_hal_mdma.c.obj
 .text.HAL_MDMA_Start
                0x00000000       0x62 CMakeFiles/WeAct_H743_W25Q64.stldr.dir/C_/Users/vuman/Downloads/car-head/car-head/Drivers/STM32H7xx_HAL_Driver/Src/stm32h7xx_hal_mdma.c.obj
 .text.HAL_MDMA_Start_IT
                0x00000000       0x92 CMakeFiles/WeAct_H743_W25Q64.stldr.dir/C_/Users/vuman/Downloads/car-head/car-head/Drivers/STM32H7xx_HAL_Driver/Src/stm32h7xx_hal_mdma.c.obj
 .text.HAL_MDMA_Abort
                0x00000000       0x6e CMakeFiles/WeAct_H743_W25Q64.stldr.dir/C_/Users/vuman/Downloads/car-head/car-head/Drivers/STM32H7xx_HAL_Driver/Src/stm32h7xx_hal_mdma.c.obj
 .text.HAL_MDMA_Abort_IT
                0x00000000       0x26 CMakeFiles/WeAct_H743_W25Q64.stldr.dir/C_/Users/vuman/Downloads/car-head/car-head/Drivers/STM32H7xx_HAL_Driver/Src/stm32h7xx_hal_mdma.c.obj
 .text.HAL_MDMA_PollForTransfer
                0x00000000       0xe0 CMakeFiles/WeAct_H743_W25Q64.stldr.dir/C_/Users/vuman/Downloads/car-head/car-head/Drivers/STM32H7xx_HAL_Driver/Src/stm32h7xx_hal_mdma.c.obj
 .text.HAL_MDMA_GenerateSWRequest
                0x00000000       0x34 CMakeFiles/WeAct_H743_W25Q64.stldr.dir/C_/Users/vuman/Downloads/car-head/car-head/Drivers/STM32H7xx_HAL_Driver/Src/stm32h7xx_hal_mdma.c.obj
 .text.HAL_MDMA_IRQHandler
                0x00000000      0x178 CMakeFiles/WeAct_H743_W25Q64.stldr.dir/C_/Users/vuman/Downloads/car-head/car-head/Drivers/STM32H7xx_HAL_Driver/Src/stm32h7xx_hal_mdma.c.obj
 .text.HAL_MDMA_GetState
                0x00000000        0x6 CMakeFiles/WeAct_H743_W25Q64.stldr.dir/C_/Users/vuman/Downloads/car-head/car-head/Drivers/STM32H7xx_HAL_Driver/Src/stm32h7xx_hal_mdma.c.obj
 .text.HAL_MDMA_GetError
                0x00000000        0x4 CMakeFiles/WeAct_H743_W25Q64.stldr.dir/C_/Users/vuman/Downloads/car-head/car-head/Drivers/STM32H7xx_HAL_Driver/Src/stm32h7xx_hal_mdma.c.obj
 .rodata.CSWTCH.27
                0x00000000        0x3 CMakeFiles/WeAct_H743_W25Q64.stldr.dir/C_/Users/vuman/Downloads/car-head/car-head/Drivers/STM32H7xx_HAL_Driver/Src/stm32h7xx_hal_mdma.c.obj
 .comment       0x00000000       0x44 CMakeFiles/WeAct_H743_W25Q64.stldr.dir/C_/Users/vuman/Downloads/car-head/car-head/Drivers/STM32H7xx_HAL_Driver/Src/stm32h7xx_hal_mdma.c.obj
 .ARM.attributes
                0x00000000       0x32 CMakeFiles/WeAct_H743_W25Q64.stldr.dir/C_/Users/vuman/Downloads/car-head/car-head/Drivers/STM32H7xx_HAL_Driver/Src/stm32h7xx_hal_mdma.c.obj
 .text          0x00000000        0x0 C:/ST/STM32CubeCLT_1.22.0/GNU-tools-for-STM32/bin/../lib/gcc/arm-none-eabi/14.3.1/../../../../arm-none-eabi/lib/thumb/v7e-m+dp/hard\libc_nano.a(libc_a-memset.o)
 .data          0x00000000        0x0 C:/ST/STM32CubeCLT_1.22.0/GNU-tools-for-STM32/bin/../lib/gcc/arm-none-eabi/14.3.1/../../../../arm-none-eabi/lib/thumb/v7e-m+dp/hard\libc_nano.a(libc_a-memset.o)
 .bss           0x00000000        0x0 C:/ST/STM32CubeCLT_1.22.0/GNU-tools-for-STM32/bin/../lib/gcc/arm-none-eabi/14.3.1/../../../../arm-none-eabi/lib/thumb/v7e-m+dp/hard\libc_nano.a(libc_a-memset.o)

Memory Configuration

Name             Origin             Length             Attributes
RAM              0x24000000         0x00080000         xrw
*default*        0x00000000         0xffffffff

Linker script and memory map

LOAD CMakeFiles/WeAct_H743_W25Q64.stldr.dir/Dev_Inf.c.obj
LOAD CMakeFiles/WeAct_H743_W25Q64.stldr.dir/Loader_Src.c.obj
LOAD CMakeFiles/WeAct_H743_W25Q64.stldr.dir/C_/Users/vuman/Downloads/car-head/car-head/Core/Src/system_stm32h7xx.c.obj
LOAD CMakeFiles/WeAct_H743_W25Q64.stldr.dir/C_/Users/vuman/Downloads/car-head/car-head/Core/Src/quadspi.c.obj
LOAD CMakeFiles/WeAct_H743_W25Q64.stldr.dir/C_/Users/vuman/Downloads/car-head/car-head/Core/Src/stm32h7xx_hal_msp.c.obj
LOAD CMakeFiles/WeAct_H743_W25Q64.stldr.dir/C_/Users/vuman/Downloads/car-head/car-head/UserLibrary/Bsp_W25q64.c.obj
LOAD CMakeFiles/WeAct_H743_W25Q64.stldr.dir/C_/Users/vuman/Downloads/car-head/car-head/Drivers/STM32H7xx_HAL_Driver/Src/stm32h7xx_hal.c.obj
LOAD CMakeFiles/WeAct_H743_W25Q64.stldr.dir/C_/Users/vuman/Downloads/car-head/car-head/Drivers/STM32H7xx_HAL_Driver/Src/stm32h7xx_hal_cortex.c.obj
LOAD CMakeFiles/WeAct_H743_W25Q64.stldr.dir/C_/Users/vuman/Downloads/car-head/car-head/Drivers/STM32H7xx_HAL_Driver/Src/stm32h7xx_hal_rcc.c.obj
LOAD CMakeFiles/WeAct_H743_W25Q64.stldr.dir/C_/Users/vuman/Downloads/car-head/car-head/Drivers/STM32H7xx_HAL_Driver/Src/stm32h7xx_hal_rcc_ex.c.obj
LOAD CMakeFiles/WeAct_H743_W25Q64.stldr.dir/C_/Users/vuman/Downloads/car-head/car-head/Drivers/STM32H7xx_HAL_Driver/Src/stm32h7xx_hal_gpio.c.obj
LOAD CMakeFiles/WeAct_H743_W25Q64.stldr.dir/C_/Users/vuman/Downloads/car-head/car-head/Drivers/STM32H7xx_HAL_Driver/Src/stm32h7xx_hal_qspi.c.obj
LOAD CMakeFiles/WeAct_H743_W25Q64.stldr.dir/C_/Users/vuman/Downloads/car-head/car-head/Drivers/STM32H7xx_HAL_Driver/Src/stm32h7xx_hal_pwr.c.obj
LOAD CMakeFiles/WeAct_H743_W25Q64.stldr.dir/C_/Users/vuman/Downloads/car-head/car-head/Drivers/STM32H7xx_HAL_Driver/Src/stm32h7xx_hal_pwr_ex.c.obj
LOAD CMakeFiles/WeAct_H743_W25Q64.stldr.dir/C_/Users/vuman/Downloads/car-head/car-head/Drivers/STM32H7xx_HAL_Driver/Src/stm32h7xx_hal_mdma.c.obj
START GROUP
LOAD C:/ST/STM32CubeCLT_1.22.0/GNU-tools-for-STM32/bin/../lib/gcc/arm-none-eabi/14.3.1/thumb/v7e-m+dp/hard\libgcc.a
LOAD C:/ST/STM32CubeCLT_1.22.0/GNU-tools-for-STM32/bin/../lib/gcc/arm-none-eabi/14.3.1/../../../../arm-none-eabi/lib/thumb/v7e-m+dp/hard\libc_nano.a
END GROUP
START GROUP
LOAD C:/ST/STM32CubeCLT_1.22.0/GNU-tools-for-STM32/bin/../lib/gcc/arm-none-eabi/14.3.1/thumb/v7e-m+dp/hard\libgcc.a
LOAD C:/ST/STM32CubeCLT_1.22.0/GNU-tools-for-STM32/bin/../lib/gcc/arm-none-eabi/14.3.1/../../../../arm-none-eabi/lib/thumb/v7e-m+dp/hard\libc_nano.a
END GROUP

.text           0x24000000     0x1c0c
 *(.text.Init)
 .text.Init     0x24000000       0x16 CMakeFiles/WeAct_H743_W25Q64.stldr.dir/Loader_Src.c.obj
                0x24000000                Init
 *(.text.Write)
 .text.Write    0x24000016       0x18 CMakeFiles/WeAct_H743_W25Q64.stldr.dir/Loader_Src.c.obj
                0x24000016                Write
 *(.text.SectorErase)
 .text.SectorErase
                0x2400002e       0x24 CMakeFiles/WeAct_H743_W25Q64.stldr.dir/Loader_Src.c.obj
                0x2400002e                SectorErase
 *(.text.MassErase)
 .text.MassErase
                0x24000052        0xe CMakeFiles/WeAct_H743_W25Q64.stldr.dir/Loader_Src.c.obj
                0x24000052                MassErase
 *(.text.Read)
 .text.Read     0x24000060       0x18 CMakeFiles/WeAct_H743_W25Q64.stldr.dir/Loader_Src.c.obj
                0x24000060                Read
 *(.text)
 *(.text*)
 .text.Error_Handler
                0x24000078        0x2 CMakeFiles/WeAct_H743_W25Q64.stldr.dir/Loader_Src.c.obj
                0x24000078                Error_Handler
 *fill*         0x2400007a        0x2 
 .text.MX_QUADSPI_Init
                0x2400007c       0x40 CMakeFiles/WeAct_H743_W25Q64.stldr.dir/C_/Users/vuman/Downloads/car-head/car-head/Core/Src/quadspi.c.obj
                0x2400007c                MX_QUADSPI_Init
 .text.HAL_QSPI_MspInit
                0x240000bc       0xf0 CMakeFiles/WeAct_H743_W25Q64.stldr.dir/C_/Users/vuman/Downloads/car-head/car-head/Core/Src/quadspi.c.obj
                0x240000bc                HAL_QSPI_MspInit
 .text.HAL_MspInit
                0x240001ac       0x24 CMakeFiles/WeAct_H743_W25Q64.stldr.dir/C_/Users/vuman/Downloads/car-head/car-head/Core/Src/stm32h7xx_hal_msp.c.obj
                0x240001ac                HAL_MspInit
 .text.QSPI_W25Qxx_AutoPollingMemReady
                0x240001d0       0x64 CMakeFiles/WeAct_H743_W25Q64.stldr.dir/C_/Users/vuman/Downloads/car-head/car-head/UserLibrary/Bsp_W25q64.c.obj
                0x240001d0                QSPI_W25Qxx_AutoPollingMemReady
 .text.QSPI_W25Qxx_Reset
                0x24000234       0x70 CMakeFiles/WeAct_H743_W25Q64.stldr.dir/C_/Users/vuman/Downloads/car-head/car-head/UserLibrary/Bsp_W25q64.c.obj
                0x24000234                QSPI_W25Qxx_Reset
 .text.QSPI_W25Qxx_ReadID
                0x240002a4       0x6c CMakeFiles/WeAct_H743_W25Q64.stldr.dir/C_/Users/vuman/Downloads/car-head/car-head/UserLibrary/Bsp_W25q64.c.obj
                0x240002a4                QSPI_W25Qxx_ReadID
 .text.QSPI_W25Qxx_WriteEnable
                0x24000310       0x84 CMakeFiles/WeAct_H743_W25Q64.stldr.dir/C_/Users/vuman/Downloads/car-head/car-head/UserLibrary/Bsp_W25q64.c.obj
                0x24000310                QSPI_W25Qxx_WriteEnable
 .text.QSPI_W25Qxx_Init
                0x24000394       0xc8 CMakeFiles/WeAct_H743_W25Q64.stldr.dir/C_/Users/vuman/Downloads/car-head/car-head/UserLibrary/Bsp_W25q64.c.obj
                0x24000394                QSPI_W25Qxx_Init
 .text.QSPI_W25Qxx_SectorErase
                0x2400045c       0x6c CMakeFiles/WeAct_H743_W25Q64.stldr.dir/C_/Users/vuman/Downloads/car-head/car-head/UserLibrary/Bsp_W25q64.c.obj
                0x2400045c                QSPI_W25Qxx_SectorErase
 .text.QSPI_W25Qxx_ChipErase
                0x240004c8       0x98 CMakeFiles/WeAct_H743_W25Q64.stldr.dir/C_/Users/vuman/Downloads/car-head/car-head/UserLibrary/Bsp_W25q64.c.obj
                0x240004c8                QSPI_W25Qxx_ChipErase
 .text.QSPI_W25Qxx_WritePage
                0x24000560       0x84 CMakeFiles/WeAct_H743_W25Q64.stldr.dir/C_/Users/vuman/Downloads/car-head/car-head/UserLibrary/Bsp_W25q64.c.obj
                0x24000560                QSPI_W25Qxx_WritePage
 .text.QSPI_W25Qxx_WriteBuffer
                0x240005e4       0x56 CMakeFiles/WeAct_H743_W25Q64.stldr.dir/C_/Users/vuman/Downloads/car-head/car-head/UserLibrary/Bsp_W25q64.c.obj
                0x240005e4                QSPI_W25Qxx_WriteBuffer
 *fill*         0x2400063a        0x2 
 .text.QSPI_W25Qxx_ReadBuffer
                0x2400063c       0x78 CMakeFiles/WeAct_H743_W25Q64.stldr.dir/C_/Users/vuman/Downloads/car-head/car-head/UserLibrary/Bsp_W25q64.c.obj
                0x2400063c                QSPI_W25Qxx_ReadBuffer
 .text.HAL_InitTick
                0x240006b4       0x5c CMakeFiles/WeAct_H743_W25Q64.stldr.dir/C_/Users/vuman/Downloads/car-head/car-head/Drivers/STM32H7xx_HAL_Driver/Src/stm32h7xx_hal.c.obj
                0x240006b4                HAL_InitTick
 .text.HAL_Init
                0x24000710       0x6c CMakeFiles/WeAct_H743_W25Q64.stldr.dir/C_/Users/vuman/Downloads/car-head/car-head/Drivers/STM32H7xx_HAL_Driver/Src/stm32h7xx_hal.c.obj
                0x24000710                HAL_Init
 .text.HAL_GetTick
                0x2400077c        0xc CMakeFiles/WeAct_H743_W25Q64.stldr.dir/C_/Users/vuman/Downloads/car-head/car-head/Drivers/STM32H7xx_HAL_Driver/Src/stm32h7xx_hal.c.obj
                0x2400077c                HAL_GetTick
 .text.HAL_NVIC_SetPriorityGrouping
                0x24000788       0x24 CMakeFiles/WeAct_H743_W25Q64.stldr.dir/C_/Users/vuman/Downloads/car-head/car-head/Drivers/STM32H7xx_HAL_Driver/Src/stm32h7xx_hal_cortex.c.obj
                0x24000788                HAL_NVIC_SetPriorityGrouping
 .text.HAL_NVIC_SetPriority
                0x240007ac       0x64 CMakeFiles/WeAct_H743_W25Q64.stldr.dir/C_/Users/vuman/Downloads/car-head/car-head/Drivers/STM32H7xx_HAL_Driver/Src/stm32h7xx_hal_cortex.c.obj
                0x240007ac                HAL_NVIC_SetPriority
 .text.HAL_SYSTICK_Config
                0x24000810       0x28 CMakeFiles/WeAct_H743_W25Q64.stldr.dir/C_/Users/vuman/Downloads/car-head/car-head/Drivers/STM32H7xx_HAL_Driver/Src/stm32h7xx_hal_cortex.c.obj
                0x24000810                HAL_SYSTICK_Config
 .text.HAL_RCC_GetSysClockFreq
                0x24000838      0x144 CMakeFiles/WeAct_H743_W25Q64.stldr.dir/C_/Users/vuman/Downloads/car-head/car-head/Drivers/STM32H7xx_HAL_Driver/Src/stm32h7xx_hal_rcc.c.obj
                0x24000838                HAL_RCC_GetSysClockFreq
 .text.RCCEx_PLL2_Config
                0x2400097c       0xe8 CMakeFiles/WeAct_H743_W25Q64.stldr.dir/C_/Users/vuman/Downloads/car-head/car-head/Drivers/STM32H7xx_HAL_Driver/Src/stm32h7xx_hal_rcc_ex.c.obj
 .text.RCCEx_PLL3_Config
                0x24000a64       0xe8 CMakeFiles/WeAct_H743_W25Q64.stldr.dir/C_/Users/vuman/Downloads/car-head/car-head/Drivers/STM32H7xx_HAL_Driver/Src/stm32h7xx_hal_rcc_ex.c.obj
 .text.HAL_RCCEx_PeriphCLKConfig
                0x24000b4c      0x9c4 CMakeFiles/WeAct_H743_W25Q64.stldr.dir/C_/Users/vuman/Downloads/car-head/car-head/Drivers/STM32H7xx_HAL_Driver/Src/stm32h7xx_hal_rcc_ex.c.obj
                0x24000b4c                HAL_RCCEx_PeriphCLKConfig
 .text.HAL_GPIO_Init
                0x24001510      0x1d0 CMakeFiles/WeAct_H743_W25Q64.stldr.dir/C_/Users/vuman/Downloads/car-head/car-head/Drivers/STM32H7xx_HAL_Driver/Src/stm32h7xx_hal_gpio.c.obj
                0x24001510                HAL_GPIO_Init
 .text.QSPI_Config
                0x240016e0      0x166 CMakeFiles/WeAct_H743_W25Q64.stldr.dir/C_/Users/vuman/Downloads/car-head/car-head/Drivers/STM32H7xx_HAL_Driver/Src/stm32h7xx_hal_qspi.c.obj
 .text.QSPI_WaitFlagStateUntilTimeout
                0x24001846       0x50 CMakeFiles/WeAct_H743_W25Q64.stldr.dir/C_/Users/vuman/Downloads/car-head/car-head/Drivers/STM32H7xx_HAL_Driver/Src/stm32h7xx_hal_qspi.c.obj
 *fill*         0x24001896        0x2 
 .text.HAL_QSPI_Init
                0x24001898       0x98 CMakeFiles/WeAct_H743_W25Q64.stldr.dir/C_/Users/vuman/Downloads/car-head/car-head/Drivers/STM32H7xx_HAL_Driver/Src/stm32h7xx_hal_qspi.c.obj
                0x24001898                HAL_QSPI_Init
 .text.HAL_QSPI_Command
                0x24001930       0x8c CMakeFiles/WeAct_H743_W25Q64.stldr.dir/C_/Users/vuman/Downloads/car-head/car-head/Drivers/STM32H7xx_HAL_Driver/Src/stm32h7xx_hal_qspi.c.obj
                0x24001930                HAL_QSPI_Command
 .text.HAL_QSPI_Transmit
                0x240019bc       0xc0 CMakeFiles/WeAct_H743_W25Q64.stldr.dir/C_/Users/vuman/Downloads/car-head/car-head/Drivers/STM32H7xx_HAL_Driver/Src/stm32h7xx_hal_qspi.c.obj
                0x240019bc                HAL_QSPI_Transmit
 .text.HAL_QSPI_Receive
                0x24001a7c       0xc8 CMakeFiles/WeAct_H743_W25Q64.stldr.dir/C_/Users/vuman/Downloads/car-head/car-head/Drivers/STM32H7xx_HAL_Driver/Src/stm32h7xx_hal_qspi.c.obj
                0x24001a7c                HAL_QSPI_Receive
 .text.HAL_QSPI_AutoPolling
                0x24001b44       0xa8 CMakeFiles/WeAct_H743_W25Q64.stldr.dir/C_/Users/vuman/Downloads/car-head/car-head/Drivers/STM32H7xx_HAL_Driver/Src/stm32h7xx_hal_qspi.c.obj
                0x24001b44                HAL_QSPI_AutoPolling
 .text.memset   0x24001bec       0x10 C:/ST/STM32CubeCLT_1.22.0/GNU-tools-for-STM32/bin/../lib/gcc/arm-none-eabi/14.3.1/../../../../arm-none-eabi/lib/thumb/v7e-m+dp/hard\libc_nano.a(libc_a-memset.o)
                0x24001bec                memset
 *(.rodata)
 *(.rodata*)
 .rodata.D1CorePrescTable
                0x24001bfc       0x10 CMakeFiles/WeAct_H743_W25Q64.stldr.dir/C_/Users/vuman/Downloads/car-head/car-head/Core/Src/system_stm32h7xx.c.obj
                0x24001bfc                D1CorePrescTable

.glue_7         0x24001c0c        0x0
 .glue_7        0x24001c0c        0x0 linker stubs

.glue_7t        0x24001c0c        0x0
 .glue_7t       0x24001c0c        0x0 linker stubs

.vfp11_veneer   0x24001c0c        0x0
 .vfp11_veneer  0x24001c0c        0x0 linker stubs

.v4_bx          0x24001c0c        0x0
 .v4_bx         0x24001c0c        0x0 linker stubs

.iplt           0x24001c0c        0x0
 .iplt          0x24001c0c        0x0 CMakeFiles/WeAct_H743_W25Q64.stldr.dir/Loader_Src.c.obj

.data           0x24001c0c       0x10
 *(.data)
 *(.data*)
 .data.SystemD2Clock
                0x24001c0c        0x4 CMakeFiles/WeAct_H743_W25Q64.stldr.dir/C_/Users/vuman/Downloads/car-head/car-head/Core/Src/system_stm32h7xx.c.obj
                0x24001c0c                SystemD2Clock
 .data.SystemCoreClock
                0x24001c10        0x4 CMakeFiles/WeAct_H743_W25Q64.stldr.dir/C_/Users/vuman/Downloads/car-head/car-head/Core/Src/system_stm32h7xx.c.obj
                0x24001c10                SystemCoreClock
 .data.uwTickFreq
                0x24001c14        0x1 CMakeFiles/WeAct_H743_W25Q64.stldr.dir/C_/Users/vuman/Downloads/car-head/car-head/Drivers/STM32H7xx_HAL_Driver/Src/stm32h7xx_hal.c.obj
                0x24001c14                uwTickFreq
 *fill*         0x24001c15        0x3 
 .data.uwTickPrio
                0x24001c18        0x4 CMakeFiles/WeAct_H743_W25Q64.stldr.dir/C_/Users/vuman/Downloads/car-head/car-head/Drivers/STM32H7xx_HAL_Driver/Src/stm32h7xx_hal.c.obj
                0x24001c18                uwTickPrio

.igot.plt       0x24001c1c        0x0
 .igot.plt      0x24001c1c        0x0 CMakeFiles/WeAct_H743_W25Q64.stldr.dir/Loader_Src.c.obj

.got            0x24001c1c       0x10
 .got           0x24001c1c       0x10 CMakeFiles/WeAct_H743_W25Q64.stldr.dir/Loader_Src.c.obj

.got.plt        0x24001c2c        0xc
 .got.plt       0x24001c2c        0xc CMakeFiles/WeAct_H743_W25Q64.stldr.dir/Loader_Src.c.obj
                0x24001c2c                _GLOBAL_OFFSET_TABLE_

.bss            0x24001c38       0x50
 *(.bss)
 *(.bss*)
 .bss.hqspi     0x24001c38       0x4c CMakeFiles/WeAct_H743_W25Q64.stldr.dir/C_/Users/vuman/Downloads/car-head/car-head/Core/Src/quadspi.c.obj
                0x24001c38                hqspi
 .bss.uwTick    0x24001c84        0x4 CMakeFiles/WeAct_H743_W25Q64.stldr.dir/C_/Users/vuman/Downloads/car-head/car-head/Drivers/STM32H7xx_HAL_Driver/Src/stm32h7xx_hal.c.obj
                0x24001c84                uwTick
 *(COMMON)

.Loader_Info    0x24001c88       0x80
 *(.Loader_Info)
 .Loader_Info   0x24001c88       0x80 CMakeFiles/WeAct_H743_W25Q64.stldr.dir/Dev_Inf.c.obj
                0x24001c88                StorageInfo
OUTPUT(WeAct_H743_W25Q64.stldr elf32-littlearm)
LOAD linker stubs

.rel.dyn        0x24001d08        0x0
 .rel.iplt      0x24001d08        0x0 CMakeFiles/WeAct_H743_W25Q64.stldr.dir/Loader_Src.c.obj
 .rel.got       0x24001d08        0x0 CMakeFiles/WeAct_H743_W25Q64.stldr.dir/Loader_Src.c.obj

.comment        0x00000000       0x43
 .comment       0x00000000       0x43 CMakeFiles/WeAct_H743_W25Q64.stldr.dir/Dev_Inf.c.obj
                                 0x44 (size before relaxing)
 .comment       0x00000043       0x44 CMakeFiles/WeAct_H743_W25Q64.stldr.dir/Loader_Src.c.obj
 .comment       0x00000043       0x44 CMakeFiles/WeAct_H743_W25Q64.stldr.dir/C_/Users/vuman/Downloads/car-head/car-head/Core/Src/system_stm32h7xx.c.obj
 .comment       0x00000043       0x44 CMakeFiles/WeAct_H743_W25Q64.stldr.dir/C_/Users/vuman/Downloads/car-head/car-head/Core/Src/quadspi.c.obj
 .comment       0x00000043       0x44 CMakeFiles/WeAct_H743_W25Q64.stldr.dir/C_/Users/vuman/Downloads/car-head/car-head/Core/Src/stm32h7xx_hal_msp.c.obj
 .comment       0x00000043       0x44 CMakeFiles/WeAct_H743_W25Q64.stldr.dir/C_/Users/vuman/Downloads/car-head/car-head/UserLibrary/Bsp_W25q64.c.obj
 .comment       0x00000043       0x44 CMakeFiles/WeAct_H743_W25Q64.stldr.dir/C_/Users/vuman/Downloads/car-head/car-head/Drivers/STM32H7xx_HAL_Driver/Src/stm32h7xx_hal.c.obj
 .comment       0x00000043       0x44 CMakeFiles/WeAct_H743_W25Q64.stldr.dir/C_/Users/vuman/Downloads/car-head/car-head/Drivers/STM32H7xx_HAL_Driver/Src/stm32h7xx_hal_cortex.c.obj
 .comment       0x00000043       0x44 CMakeFiles/WeAct_H743_W25Q64.stldr.dir/C_/Users/vuman/Downloads/car-head/car-head/Drivers/STM32H7xx_HAL_Driver/Src/stm32h7xx_hal_rcc.c.obj
 .comment       0x00000043       0x44 CMakeFiles/WeAct_H743_W25Q64.stldr.dir/C_/Users/vuman/Downloads/car-head/car-head/Drivers/STM32H7xx_HAL_Driver/Src/stm32h7xx_hal_rcc_ex.c.obj
 .comment       0x00000043       0x44 CMakeFiles/WeAct_H743_W25Q64.stldr.dir/C_/Users/vuman/Downloads/car-head/car-head/Drivers/STM32H7xx_HAL_Driver/Src/stm32h7xx_hal_gpio.c.obj
 .comment       0x00000043       0x44 CMakeFiles/WeAct_H743_W25Q64.stldr.dir/C_/Users/vuman/Downloads/car-head/car-head/Drivers/STM32H7xx_HAL_Driver/Src/stm32h7xx_hal_qspi.c.obj

.ARM.attributes
                0x00000000       0x32
 .ARM.attributes
                0x00000000       0x32 CMakeFiles/WeAct_H743_W25Q64.stldr.dir/Dev_Inf.c.obj
 .ARM.attributes
                0x00000032       0x32 CMakeFiles/WeAct_H743_W25Q64.stldr.dir/Loader_Src.c.obj
 .ARM.attributes
                0x00000064       0x32 CMakeFiles/WeAct_H743_W25Q64.stldr.dir/C_/Users/vuman/Downloads/car-head/car-head/Core/Src/system_stm32h7xx.c.obj
 .ARM.attributes
                0x00000096       0x32 CMakeFiles/WeAct_H743_W25Q64.stldr.dir/C_/Users/vuman/Downloads/car-head/car-head/Core/Src/quadspi.c.obj
 .ARM.attributes
                0x000000c8       0x32 CMakeFiles/WeAct_H743_W25Q64.stldr.dir/C_/Users/vuman/Downloads/car-head/car-head/Core/Src/stm32h7xx_hal_msp.c.obj
 .ARM.attributes
                0x000000fa       0x32 CMakeFiles/WeAct_H743_W25Q64.stldr.dir/C_/Users/vuman/Downloads/car-head/car-head/UserLibrary/Bsp_W25q64.c.obj
 .ARM.attributes
                0x0000012c       0x32 CMakeFiles/WeAct_H743_W25Q64.stldr.dir/C_/Users/vuman/Downloads/car-head/car-head/Drivers/STM32H7xx_HAL_Driver/Src/stm32h7xx_hal.c.obj
 .ARM.attributes
                0x0000015e       0x32 CMakeFiles/WeAct_H743_W25Q64.stldr.dir/C_/Users/vuman/Downloads/car-head/car-head/Drivers/STM32H7xx_HAL_Driver/Src/stm32h7xx_hal_cortex.c.obj
 .ARM.attributes
                0x00000190       0x32 CMakeFiles/WeAct_H743_W25Q64.stldr.dir/C_/Users/vuman/Downloads/car-head/car-head/Drivers/STM32H7xx_HAL_Driver/Src/stm32h7xx_hal_rcc.c.obj
 .ARM.attributes
                0x000001c2       0x32 CMakeFiles/WeAct_H743_W25Q64.stldr.dir/C_/Users/vuman/Downloads/car-head/car-head/Drivers/STM32H7xx_HAL_Driver/Src/stm32h7xx_hal_rcc_ex.c.obj
 .ARM.attributes
                0x000001f4       0x32 CMakeFiles/WeAct_H743_W25Q64.stldr.dir/C_/Users/vuman/Downloads/car-head/car-head/Drivers/STM32H7xx_HAL_Driver/Src/stm32h7xx_hal_gpio.c.obj
 .ARM.attributes
                0x00000226       0x32 CMakeFiles/WeAct_H743_W25Q64.stldr.dir/C_/Users/vuman/Downloads/car-head/car-head/Drivers/STM32H7xx_HAL_Driver/Src/stm32h7xx_hal_qspi.c.obj
 .ARM.attributes
                0x00000258       0x32 C:/ST/STM32CubeCLT_1.22.0/GNU-tools-for-STM32/bin/../lib/gcc/arm-none-eabi/14.3.1/../../../../arm-none-eabi/lib/thumb/v7e-m+dp/hard\libc_nano.a(libc_a-memset.o)

.debug_frame    0x00000000       0x20
 .debug_frame   0x00000000       0x20 C:/ST/STM32CubeCLT_1.22.0/GNU-tools-for-STM32/bin/../lib/gcc/arm-none-eabi/14.3.1/../../../../arm-none-eabi/lib/thumb/v7e-m+dp/hard\libc_nano.a(libc_a-memset.o)
